Archive member included to satisfy reference by file (symbol)

/opt/st/stm32cubeclt_1.19.0/GNU-tools-for-STM32/bin/../lib/gcc/arm-none-eabi/13.3.1/thumb/v7e-m+fp/hard/libgcc.a(_arm_muldf3.o)
                              CMakeFiles/lab6.dir/home/noah/Documents/centraleNantes/MAC/itii-mac-tp-etu/lib/tft/arduinoCore/Print.cpp.obj (__aeabi_dmul)
/opt/st/stm32cubeclt_1.19.0/GNU-tools-for-STM32/bin/../lib/gcc/arm-none-eabi/13.3.1/thumb/v7e-m+fp/hard/libgcc.a(_arm_addsubdf3.o)
                              CMakeFiles/lab6.dir/home/noah/Documents/centraleNantes/MAC/itii-mac-tp-etu/lib/tft/arduinoCore/Print.cpp.obj (__aeabi_dsub)
/opt/st/stm32cubeclt_1.19.0/GNU-tools-for-STM32/bin/../lib/gcc/arm-none-eabi/13.3.1/thumb/v7e-m+fp/hard/libgcc.a(_arm_muldivdf3.o)
                              CMakeFiles/lab6.dir/home/noah/Documents/centraleNantes/MAC/itii-mac-tp-etu/lib/tft/arduinoCore/Print.cpp.obj (__aeabi_ddiv)
/opt/st/stm32cubeclt_1.19.0/GNU-tools-for-STM32/bin/../lib/gcc/arm-none-eabi/13.3.1/thumb/v7e-m+fp/hard/libgcc.a(_arm_cmpdf2.o)
                              CMakeFiles/lab6.dir/home/noah/Documents/centraleNantes/MAC/itii-mac-tp-etu/lib/tft/arduinoCore/Print.cpp.obj (__aeabi_dcmplt)
/opt/st/stm32cubeclt_1.19.0/GNU-tools-for-STM32/bin/../lib/gcc/arm-none-eabi/13.3.1/thumb/v7e-m+fp/hard/libgcc.a(_arm_unorddf2.o)
                              CMakeFiles/lab6.dir/home/noah/Documents/centraleNantes/MAC/itii-mac-tp-etu/lib/tft/arduinoCore/Print.cpp.obj (__aeabi_dcmpun)
/opt/st/stm32cubeclt_1.19.0/GNU-tools-for-STM32/bin/../lib/gcc/arm-none-eabi/13.3.1/thumb/v7e-m+fp/hard/libgcc.a(_arm_fixdfsi.o)
                              CMakeFiles/lab6.dir/home/noah/Documents/centraleNantes/MAC/itii-mac-tp-etu/lib/tft/arduinoCore/Print.cpp.obj (__aeabi_d2iz)
/opt/st/stm32cubeclt_1.19.0/GNU-tools-for-STM32/bin/../lib/gcc/arm-none-eabi/13.3.1/thumb/v7e-m+fp/hard/libgcc.a(_arm_fixunsdfsi.o)
                              CMakeFiles/lab6.dir/home/noah/Documents/centraleNantes/MAC/itii-mac-tp-etu/lib/tft/arduinoCore/Print.cpp.obj (__aeabi_d2uiz)
/opt/st/stm32cubeclt_1.19.0/GNU-tools-for-STM32/bin/../lib/gcc/arm-none-eabi/13.3.1/thumb/v7e-m+fp/hard/libgcc.a(_aeabi_uldivmod.o)
                              CMakeFiles/lab6.dir/home/noah/Documents/centraleNantes/MAC/itii-mac-tp-etu/lib/tft/arduinoCore/Print.cpp.obj (__aeabi_uldivmod)
/opt/st/stm32cubeclt_1.19.0/GNU-tools-for-STM32/bin/../lib/gcc/arm-none-eabi/13.3.1/thumb/v7e-m+fp/hard/libgcc.a(_udivmoddi4.o)
                              /opt/st/stm32cubeclt_1.19.0/GNU-tools-for-STM32/bin/../lib/gcc/arm-none-eabi/13.3.1/thumb/v7e-m+fp/hard/libgcc.a(_aeabi_uldivmod.o) (__udivmoddi4)
/opt/st/stm32cubeclt_1.19.0/GNU-tools-for-STM32/bin/../lib/gcc/arm-none-eabi/13.3.1/thumb/v7e-m+fp/hard/libgcc.a(unwind-arm.o)
                              CMakeFiles/lab6.dir/main.cpp.obj (__aeabi_unwind_cpp_pr0)
/opt/st/stm32cubeclt_1.19.0/GNU-tools-for-STM32/bin/../lib/gcc/arm-none-eabi/13.3.1/thumb/v7e-m+fp/hard/libgcc.a(libunwind.o)
                              /opt/st/stm32cubeclt_1.19.0/GNU-tools-for-STM32/bin/../lib/gcc/arm-none-eabi/13.3.1/thumb/v7e-m+fp/hard/libgcc.a(unwind-arm.o) (restore_core_regs)
/opt/st/stm32cubeclt_1.19.0/GNU-tools-for-STM32/bin/../lib/gcc/arm-none-eabi/13.3.1/thumb/v7e-m+fp/hard/libgcc.a(pr-support.o)
                              /opt/st/stm32cubeclt_1.19.0/GNU-tools-for-STM32/bin/../lib/gcc/arm-none-eabi/13.3.1/thumb/v7e-m+fp/hard/libgcc.a(unwind-arm.o) (__gnu_unwind_execute)
/opt/st/stm32cubeclt_1.19.0/GNU-tools-for-STM32/bin/../lib/gcc/arm-none-eabi/13.3.1/thumb/v7e-m+fp/hard/libgcc.a(_dvmd_tls.o)
                              /opt/st/stm32cubeclt_1.19.0/GNU-tools-for-STM32/bin/../lib/gcc/arm-none-eabi/13.3.1/thumb/v7e-m+fp/hard/libgcc.a(_aeabi_uldivmod.o) (__aeabi_ldiv0)
/opt/st/stm32cubeclt_1.19.0/GNU-tools-for-STM32/bin/../lib/gcc/arm-none-eabi/13.3.1/../../../../arm-none-eabi/lib/thumb/v7e-m+fp/hard/libc.a(libc_a-abort.o)
                              /opt/st/stm32cubeclt_1.19.0/GNU-tools-for-STM32/bin/../lib/gcc/arm-none-eabi/13.3.1/thumb/v7e-m+fp/hard/libgcc.a(unwind-arm.o) (abort)
/opt/st/stm32cubeclt_1.19.0/GNU-tools-for-STM32/bin/../lib/gcc/arm-none-eabi/13.3.1/../../../../arm-none-eabi/lib/thumb/v7e-m+fp/hard/libc.a(libc_a-exit.o)
                              /opt/st/stm32cubeclt_1.19.0/GNU-tools-for-STM32/bin/../lib/gcc/arm-none-eabi/13.3.1/../../../../arm-none-eabi/lib/thumb/v7e-m+fp/hard/crt0.o (exit)
/opt/st/stm32cubeclt_1.19.0/GNU-tools-for-STM32/bin/../lib/gcc/arm-none-eabi/13.3.1/../../../../arm-none-eabi/lib/thumb/v7e-m+fp/hard/libc.a(libc_a-malloc.o)
                              CMakeFiles/lab6.dir/home/noah/Documents/centraleNantes/MAC/itii-mac-tp-etu/lib/tft/Adafruit-GFX-Library/Adafruit_GFX.cpp.obj (malloc)
/opt/st/stm32cubeclt_1.19.0/GNU-tools-for-STM32/bin/../lib/gcc/arm-none-eabi/13.3.1/../../../../arm-none-eabi/lib/thumb/v7e-m+fp/hard/libc.a(libc_a-mallocr.o)
[...]
Memory Configuration

Name             Origin             Length             Attributes
FLASH            0x08000000         0x00010000         xr
RAM              0x20000000         0x00003000         xrw
*default*        0x00000000         0xffffffff

Linker script and memory map

LOAD /opt/st/stm32cubeclt_1.19.0/GNU-tools-for-STM32/bin/../lib/gcc/arm-none-eabi/13.3.1/thumb/v7e-m+fp/hard/crti.o
LOAD /opt/st/stm32cubeclt_1.19.0/GNU-tools-for-STM32/bin/../lib/gcc/arm-none-eabi/13.3.1/thumb/v7e-m+fp/hard/crtbegin.o
LOAD /opt/st/stm32cubeclt_1.19.0/GNU-tools-for-STM32/bin/../lib/gcc/arm-none-eabi/13.3.1/../../../../arm-none-eabi/lib/thumb/v7e-m+fp/hard/crt0.o
LOAD CMakeFiles/lab6.dir/main.cpp.obj
LOAD CMakeFiles/lab6.dir/include/servo.cpp.obj
LOAD CMakeFiles/lab6.dir/include/encoder.cpp.obj
LOAD CMakeFiles/lab6.dir/app/rotationApp.cpp.obj
LOAD CMakeFiles/lab6.dir/home/noah/Documents/centraleNantes/MAC/itii-mac-tp-etu/lib/adc.c.obj
LOAD CMakeFiles/lab6.dir/home/noah/Documents/centraleNantes/MAC/itii-mac-tp-etu/lib/pinAccess.c.obj
LOAD CMakeFiles/lab6.dir/home/noah/Documents/centraleNantes/MAC/itii-mac-tp-etu/lib/spi.c.obj
LOAD CMakeFiles/lab6.dir/home/noah/Documents/centraleNantes/MAC/itii-mac-tp-etu/lib/exti.c.obj
LOAD CMakeFiles/lab6.dir/home/noah/Documents/centraleNantes/MAC/itii-mac-tp-etu/lib/pwm.c.obj
LOAD CMakeFiles/lab6.dir/home/noah/Documents/centraleNantes/MAC/itii-mac-tp-etu/lib/tft/tft.cpp.obj
LOAD CMakeFiles/lab6.dir/home/noah/Documents/centraleNantes/MAC/itii-mac-tp-etu/lib/tft/arduinoCore/Print.cpp.obj
LOAD CMakeFiles/lab6.dir/home/noah/Documents/centraleNantes/MAC/itii-mac-tp-etu/lib/tft/Adafruit-GFX-Library/Adafruit_GFX.cpp.obj
LOAD CMakeFiles/lab6.dir/home/noah/Documents/centraleNantes/MAC/itii-mac-tp-etu/lib/tft/Adafruit-GFX-Library/Adafruit_SPITFT.cpp.obj
LOAD CMakeFiles/lab6.dir/home/noah/Documents/centraleNantes/MAC/itii-mac-tp-etu/lib/tft/Adafruit-ST7735-Library/Adafruit_ST7735.cpp.obj
LOAD CMakeFiles/lab6.dir/home/noah/Documents/centraleNantes/MAC/itii-mac-tp-etu/lib/tft/Adafruit-ST7735-Library/Adafruit_ST77xx.cpp.obj
LOAD CMakeFiles/lab6.dir/home/noah/Documents/centraleNantes/MAC/itii-mac-tp-etu/sys/startup_ARMCM4.c.obj
LOAD CMakeFiles/lab6.dir/home/noah/Documents/centraleNantes/MAC/itii-mac-tp-etu/sys/startup_clock.c.obj
LOAD CMakeFiles/lab6.dir/home/noah/Documents/centraleNantes/MAC/itii-mac-tp-etu/sys/syscalls.c.obj
START GROUP
END GROUP
LOAD /opt/st/stm32cubeclt_1.19.0/GNU-tools-for-STM32/bin/../lib/gcc/arm-none-eabi/13.3.1/../../../../arm-none-eabi/lib/thumb/v7e-m+fp/hard/libstdc++_nano.a
LOAD /opt/st/stm32cubeclt_1.19.0/GNU-tools-for-STM32/bin/../lib/gcc/arm-none-eabi/13.3.1/../../../../arm-none-eabi/lib/thumb/v7e-m+fp/hard/libm.a
LOAD /opt/st/stm32cubeclt_1.19.0/GNU-tools-for-STM32/bin/../lib/gcc/arm-none-eabi/13.3.1/../../../../arm-none-eabi/lib/thumb/v7e-m+fp/hard/libstdc++.a
LOAD /opt/st/stm32cubeclt_1.19.0/GNU-tools-for-STM32/bin/../lib/gcc/arm-none-eabi/13.3.1/../../../../arm-none-eabi/lib/thumb/v7e-m+fp/hard/libm.a
START GROUP
LOAD /opt/st/stm32cubeclt_1.19.0/GNU-tools-for-STM32/bin/../lib/gcc/arm-none-eabi/13.3.1/thumb/v7e-m+fp/hard/libgcc.a
LOAD /opt/st/stm32cubeclt_1.19.0/GNU-tools-for-STM32/bin/../lib/gcc/arm-none-eabi/13.3.1/../../../../arm-none-eabi/lib/thumb/v7e-m+fp/hard/libc.a
END GROUP
LOAD /opt/st/stm32cubeclt_1.19.0/GNU-tools-for-STM32/bin/../lib/gcc/arm-none-eabi/13.3.1/thumb/v7e-m+fp/hard/crtend.o
LOAD /opt/st/stm32cubeclt_1.19.0/GNU-tools-for-STM32/bin/../lib/gcc/arm-none-eabi/13.3.1/thumb/v7e-m+fp/hard/crtn.o
START GROUP
LOAD /opt/st/stm32cubeclt_1.19.0/GNU-tools-for-STM32/bin/../lib/gcc/arm-none-eabi/13.3.1/thumb/v7e-m+fp/hard/libgcc.a
LOAD /opt/st/stm32cubeclt_1.19.0/GNU-tools-for-STM32/bin/../lib/gcc/arm-none-eabi/13.3.1/../../../../arm-none-eabi/lib/thumb/v7e-m+fp/hard/libc.a
LOAD /opt/st/stm32cubeclt_1.19.0/GNU-tools-for-STM32/bin/../lib/gcc/arm-none-eabi/13.3.1/../../../../arm-none-eabi/lib/thumb/v7e-m+fp/hard/libm.a
LOAD /opt/st/stm32cubeclt_1.19.0/GNU-tools-for-STM32/bin/../lib/gcc/arm-none-eabi/13.3.1/../../../../arm-none-eabi/lib/thumb/v7e-m+fp/hard/libnosys.a
END GROUP

.text           0x08000000     0x5984
 *(.vectors)
 .vectors       0x08000000      0x3c0 CMakeFiles/lab6.dir/home/noah/Documents/centraleNantes/MAC/itii-mac-tp-etu/sys/startup_ARMCM4.c.obj
                0x08000000                __Vectors
                0x080003c0                        __Vectors_End = .
                0x080003c0                        __Vectors_Size = (__Vectors_End - __Vectors)
                0x200004a0                        __end__ = .
 *(.text*)
 .text          0x080003c0       0x40 /opt/st/stm32cubeclt_1.19.0/GNU-tools-for-STM32/bin/../lib/gcc/arm-none-eabi/13.3.1/thumb/v7e-m+fp/hard/crtbegin.o
 .text          0x08000400       0x7c /opt/st/stm32cubeclt_1.19.0/GNU-tools-for-STM32/bin/../lib/gcc/arm-none-eabi/13.3.1/../../../../arm-none-eabi/lib/thumb/v7e-m+fp/hard/crt0.o
                0x08000400                _stack_init
                0x08000408                _mainCRTStartup
                0x08000408                _start
 .text._Z5setupv
                0x0800047c       0x10 CMakeFiles/lab6.dir/main.cpp.obj
                0x0800047c                setup()
 .text.main     0x0800048c        0xe CMakeFiles/lab6.dir/main.cpp.obj
                0x0800048c                main
 *fill*         0x0800049a        0x2 
 .text._Z9servoInitv
                0x0800049c       0x6c CMakeFiles/lab6.dir/include/servo.cpp.obj
                0x0800049c                servoInit()
 .text._Z8servoSeti
                0x08000508       0x3c CMakeFiles/lab6.dir/include/servo.cpp.obj
                0x08000508                servoSet(int)
 .text.NVIC_EnableIRQ
                0x08000544       0x34 CMakeFiles/lab6.dir/include/encoder.cpp.obj
 .text.NVIC_SetPriority
                0x08000578       0x58 CMakeFiles/lab6.dir/include/encoder.cpp.obj
 .text.EXTI0_IRQHandler
                0x080005d0       0x78 CMakeFiles/lab6.dir/include/encoder.cpp.obj
                0x080005d0                EXTI0_IRQHandler
 .text._Z11encoderInitv
                0x08000648       0x5c CMakeFiles/lab6.dir/include/encoder.cpp.obj
                0x08000648                encoderInit()
 .text._Z15getEncoderValuev
                0x080006a4       0x18 CMakeFiles/lab6.dir/include/encoder.cpp.obj
                0x080006a4                getEncoderValue()
 .text.NVIC_EnableIRQ
                0x080006bc       0x34 CMakeFiles/lab6.dir/app/rotationApp.cpp.obj
 .text.TIM7_DAC2_IRQHandler
                0x080006f0       0x30 CMakeFiles/lab6.dir/app/rotationApp.cpp.obj
                0x080006f0                TIM7_DAC2_IRQHandler
 .text._Z16rotationApp_initv
                0x08000720      0x19c CMakeFiles/lab6.dir/app/rotationApp.cpp.obj
                0x08000720                rotationApp_init()
 .text._Z10manualModev
                0x080008bc       0x58 CMakeFiles/lab6.dir/app/rotationApp.cpp.obj
                0x080008bc                manualMode()
 .text._Z8scanModev
                0x08000914       0x64 CMakeFiles/lab6.dir/app/rotationApp.cpp.obj
                0x08000914                scanMode()
 .text._Z12showDistanceii
                0x08000978       0x90 CMakeFiles/lab6.dir/app/rotationApp.cpp.obj
                0x08000978                showDistance(int, int)
 .text._Z11displayMode12RotationMode
                0x08000a08       0x90 CMakeFiles/lab6.dir/app/rotationApp.cpp.obj
                0x08000a08                displayMode(RotationMode)
 .text._Z16rotationApp_mainv
                0x08000a98      0x194 CMakeFiles/lab6.dir/app/rotationApp.cpp.obj
                0x08000a98                rotationApp_main()
 .text.ADCInit  0x08000c2c      0x138 CMakeFiles/lab6.dir/home/noah/Documents/centraleNantes/MAC/itii-mac-tp-etu/lib/adc.c.obj
                0x08000c2c                ADCInit
 .text.clockForGpio
                0x08000d64       0x98 CMakeFiles/lab6.dir/home/noah/Documents/centraleNantes/MAC/itii-mac-tp-etu/lib/pinAccess.c.obj
                0x08000d64                clockForGpio
 .text.pinMode  0x08000dfc      0x16c CMakeFiles/lab6.dir/home/noah/Documents/centraleNantes/MAC/itii-mac-tp-etu/lib/pinAccess.c.obj
                0x08000dfc                pinMode
 .text.digitalRead
                0x08000f68       0x78 CMakeFiles/lab6.dir/home/noah/Documents/centraleNantes/MAC/itii-mac-tp-etu/lib/pinAccess.c.obj
                0x08000f68                digitalRead
 .text.pinAlt   0x08000fe0       0xfc CMakeFiles/lab6.dir/home/noah/Documents/centraleNantes/MAC/itii-mac-tp-etu/lib/pinAccess.c.obj
                0x08000fe0                pinAlt
 .text.setupSPI
                0x080010dc       0xb8 CMakeFiles/lab6.dir/home/noah/Documents/centraleNantes/MAC/itii-mac-tp-etu/lib/spi.c.obj
                0x080010dc                setupSPI
 .text.transfer8
                0x08001194       0x60 CMakeFiles/lab6.dir/home/noah/Documents/centraleNantes/MAC/itii-mac-tp-etu/lib/spi.c.obj
                0x08001194                transfer8
 .text.PWMEnableChannel
                0x080011f4      0x13c CMakeFiles/lab6.dir/home/noah/Documents/centraleNantes/MAC/itii-mac-tp-etu/lib/pwm.c.obj
                0x080011f4                PWMEnableChannel
 .text._ZN15Adafruit_ST7735C2Ev
                0x08001330       0x24 CMakeFiles/lab6.dir/home/noah/Documents/centraleNantes/MAC/itii-mac-tp-etu/lib/tft/tft.cpp.obj
                0x08001330                Adafruit_ST7735::Adafruit_ST7735()
                0x08001330                Adafruit_ST7735::Adafruit_ST7735()
 .text._ZN3tftC2Ev
                0x08001354       0x24 CMakeFiles/lab6.dir/home/noah/Documents/centraleNantes/MAC/itii-mac-tp-etu/lib/tft/tft.cpp.obj
                0x08001354                tft::tft()
                0x08001354                tft::tft()
 .text._ZN3tft5eraseEv
                0x08001378       0x2c CMakeFiles/lab6.dir/home/noah/Documents/centraleNantes/MAC/itii-mac-tp-etu/lib/tft/tft.cpp.obj
                0x08001378                tft::erase()
 .text._ZN3tft5setupEv
                0x080013a4       0x3c CMakeFiles/lab6.dir/home/noah/Documents/centraleNantes/MAC/itii-mac-tp-etu/lib/tft/tft.cpp.obj
                0x080013a4                tft::setup()
 .text._ZN3tft13setTextCursorEjj
                0x080013e0       0x60 CMakeFiles/lab6.dir/home/noah/Documents/centraleNantes/MAC/itii-mac-tp-etu/lib/tft/tft.cpp.obj
                0x080013e0                tft::setTextCursor(unsigned int, unsigned int)
 .text._ZN3tft12getTextWidthEv
                0x08001440       0x30 CMakeFiles/lab6.dir/home/noah/Documents/centraleNantes/MAC/itii-mac-tp-etu/lib/tft/tft.cpp.obj
                0x08001440                tft::getTextWidth()
 .text._ZN3tft13getTextHeightEv
                0x08001470       0x30 CMakeFiles/lab6.dir/home/noah/Documents/centraleNantes/MAC/itii-mac-tp-etu/lib/tft/tft.cpp.obj
                0x08001470                tft::getTextHeight()
 .text._ZN3tft9eraseTextEj
                0x080014a0       0x90 CMakeFiles/lab6.dir/home/noah/Documents/centraleNantes/MAC/itii-mac-tp-etu/lib/tft/tft.cpp.obj
                0x080014a0                tft::eraseText(unsigned int)
 .text._Z41__static_initialization_and_destruction_0v
                0x08001530       0x14 CMakeFiles/lab6.dir/home/noah/Documents/centraleNantes/MAC/itii-mac-tp-etu/lib/tft/tft.cpp.obj
 .text._GLOBAL__sub_I__ZN3tft5eraseEv
                0x08001544        0xa CMakeFiles/lab6.dir/home/noah/Documents/centraleNantes/MAC/itii-mac-tp-etu/lib/tft/tft.cpp.obj
 .text._ZN5Print5writeEPKc
                0x0800154e       0x38 CMakeFiles/lab6.dir/home/noah/Documents/centraleNantes/MAC/itii-mac-tp-etu/lib/tft/arduinoCore/Print.cpp.obj
                0x0800154e                Print::write(char const*)
 .text._ZN5Print5writeEPKhj
                0x08001586       0x5e CMakeFiles/lab6.dir/home/noah/Documents/centraleNantes/MAC/itii-mac-tp-etu/lib/tft/arduinoCore/Print.cpp.obj
                0x08001586                Print::write(unsigned char const*, unsigned int)
 .text._ZN5Print5printEPKc
                0x080015e4       0x1c CMakeFiles/lab6.dir/home/noah/Documents/centraleNantes/MAC/itii-mac-tp-etu/lib/tft/arduinoCore/Print.cpp.obj
                0x080015e4                Print::print(char const*)
 .text._ZN5Print5printEc
                0x08001600       0x24 CMakeFiles/lab6.dir/home/noah/Documents/centraleNantes/MAC/itii-mac-tp-etu/lib/tft/arduinoCore/Print.cpp.obj
                0x08001600                Print::print(char)
 .text._ZN5Print5printEii
                0x08001624       0x20 CMakeFiles/lab6.dir/home/noah/Documents/centraleNantes/MAC/itii-mac-tp-etu/lib/tft/arduinoCore/Print.cpp.obj
                0x08001624                Print::print(int, int)
 .text._ZN5Print5printEli
                0x08001644       0x82 CMakeFiles/lab6.dir/home/noah/Documents/centraleNantes/MAC/itii-mac-tp-etu/lib/tft/arduinoCore/Print.cpp.obj
                0x08001644                Print::print(long, int)
 .text._ZN5Print11printNumberEmh
                0x080016c6       0x86 CMakeFiles/lab6.dir/home/noah/Documents/centraleNantes/MAC/itii-mac-tp-etu/lib/tft/arduinoCore/Print.cpp.obj
                0x080016c6                Print::printNumber(unsigned long, unsigned char)
 .text._ZN5PrintC2Ev
                0x0800174c       0x28 CMakeFiles/lab6.dir/home/noah/Documents/centraleNantes/MAC/itii-mac-tp-etu/lib/tft/Adafruit-GFX-Library/Adafruit_GFX.cpp.obj
                0x0800174c                Print::Print()
                0x0800174c                Print::Print()
 .text._ZN12Adafruit_GFXC2Ess
                0x08001774       0x8c CMakeFiles/lab6.dir/home/noah/Documents/centraleNantes/MAC/itii-mac-tp-etu/lib/tft/Adafruit-GFX-Library/Adafruit_GFX.cpp.obj
                0x08001774                Adafruit_GFX::Adafruit_GFX(short, short)
                0x08001774                Adafruit_GFX::Adafruit_GFX(short, short)
 .text._ZN12Adafruit_GFX9writeLineEsssst
                0x08001800      0x14c CMakeFiles/lab6.dir/home/noah/Documents/centraleNantes/MAC/itii-mac-tp-etu/lib/tft/Adafruit-GFX-Library/Adafruit_GFX.cpp.obj
                0x08001800                Adafruit_GFX::writeLine(short, short, short, short, unsigned short)
 .text._ZN12Adafruit_GFX10startWriteEv
                0x0800194c       0x14 CMakeFiles/lab6.dir/home/noah/Documents/centraleNantes/MAC/itii-mac-tp-etu/lib/tft/Adafruit-GFX-Library/Adafruit_GFX.cpp.obj
                0x0800194c                Adafruit_GFX::startWrite()
 .text._ZN12Adafruit_GFX10writePixelEsst
                0x08001960       0x38 CMakeFiles/lab6.dir/home/noah/Documents/centraleNantes/MAC/itii-mac-tp-etu/lib/tft/Adafruit-GFX-Library/Adafruit_GFX.cpp.obj
                0x08001960                Adafruit_GFX::writePixel(short, short, unsigned short)
 .text._ZN12Adafruit_GFX14writeFastVLineEssst
                0x08001998       0x40 CMakeFiles/lab6.dir/home/noah/Documents/centraleNantes/MAC/itii-mac-tp-etu/lib/tft/Adafruit-GFX-Library/Adafruit_GFX.cpp.obj
                0x08001998                Adafruit_GFX::writeFastVLine(short, short, short, unsigned short)
 .text._ZN12Adafruit_GFX14writeFastHLineEssst
                0x080019d8       0x40 CMakeFiles/lab6.dir/home/noah/Documents/centraleNantes/MAC/itii-mac-tp-etu/lib/tft/Adafruit-GFX-Library/Adafruit_GFX.cpp.obj
                0x080019d8                Adafruit_GFX::writeFastHLine(short, short, short, unsigned short)
 .text._ZN12Adafruit_GFX13writeFillRectEsssst
                0x08001a18       0x46 CMakeFiles/lab6.dir/home/noah/Documents/centraleNantes/MAC/itii-mac-tp-etu/lib/tft/Adafruit-GFX-Library/Adafruit_GFX.cpp.obj
                0x08001a18                Adafruit_GFX::writeFillRect(short, short, short, short, unsigned short)
 .text._ZN12Adafruit_GFX8endWriteEv
                0x08001a5e       0x14 CMakeFiles/lab6.dir/home/noah/Documents/centraleNantes/MAC/itii-mac-tp-etu/lib/tft/Adafruit-GFX-Library/Adafruit_GFX.cpp.obj
                0x08001a5e                Adafruit_GFX::endWrite()
 .text._ZN12Adafruit_GFX13drawFastVLineEssst
                0x08001a72       0x6a CMakeFiles/lab6.dir/home/noah/Documents/centraleNantes/MAC/itii-mac-tp-etu/lib/tft/Adafruit-GFX-Library/Adafruit_GFX.cpp.obj
                0x08001a72                Adafruit_GFX::drawFastVLine(short, short, short, unsigned short)
 .text._ZN12Adafruit_GFX13drawFastHLineEssst
                0x08001adc       0x68 CMakeFiles/lab6.dir/home/noah/Documents/centraleNantes/MAC/itii-mac-tp-etu/lib/tft/Adafruit-GFX-Library/Adafruit_GFX.cpp.obj
                0x08001adc                Adafruit_GFX::drawFastHLine(short, short, short, unsigned short)
 .text._ZN12Adafruit_GFX8fillRectEsssst
                0x08001b44       0x7c CMakeFiles/lab6.dir/home/noah/Documents/centraleNantes/MAC/itii-mac-tp-etu/lib/tft/Adafruit-GFX-Library/Adafruit_GFX.cpp.obj
                0x08001b44                Adafruit_GFX::fillRect(short, short, short, short, unsigned short)
 .text._ZN12Adafruit_GFX10fillScreenEt
                0x08001bc0       0x38 CMakeFiles/lab6.dir/home/noah/Documents/centraleNantes/MAC/itii-mac-tp-etu/lib/tft/Adafruit-GFX-Library/Adafruit_GFX.cpp.obj
                0x08001bc0                Adafruit_GFX::fillScreen(unsigned short)
 .text._ZN12Adafruit_GFX8drawLineEsssst
                0x08001bf8       0xfa CMakeFiles/lab6.dir/home/noah/Documents/centraleNantes/MAC/itii-mac-tp-etu/lib/tft/Adafruit-GFX-Library/Adafruit_GFX.cpp.obj
                0x08001bf8                Adafruit_GFX::drawLine(short, short, short, short, unsigned short)
 .text._ZN12Adafruit_GFX8drawRectEsssst
                0x08001cf2       0xc6 CMakeFiles/lab6.dir/home/noah/Documents/centraleNantes/MAC/itii-mac-tp-etu/lib/tft/Adafruit-GFX-Library/Adafruit_GFX.cpp.obj
                0x08001cf2                Adafruit_GFX::drawRect(short, short, short, short, unsigned short)
 .text._ZN12Adafruit_GFX8drawCharEsshtth
                0x08001db8      0x478 CMakeFiles/lab6.dir/home/noah/Documents/centraleNantes/MAC/itii-mac-tp-etu/lib/tft/Adafruit-GFX-Library/Adafruit_GFX.cpp.obj
                0x08001db8                Adafruit_GFX::drawChar(short, short, unsigned char, unsigned short, unsigned short, unsigned char)
 .text._ZN12Adafruit_GFX5writeEh
                0x08002230      0x226 CMakeFiles/lab6.dir/home/noah/Documents/centraleNantes/MAC/itii-mac-tp-etu/lib/tft/Adafruit-GFX-Library/Adafruit_GFX.cpp.obj
                0x08002230                Adafruit_GFX::write(unsigned char)
 .text._ZN12Adafruit_GFX9setCursorEss
                0x08002456       0x28 CMakeFiles/lab6.dir/home/noah/Documents/centraleNantes/MAC/itii-mac-tp-etu/lib/tft/Adafruit-GFX-Library/Adafruit_GFX.cpp.obj
                0x08002456                Adafruit_GFX::setCursor(short, short)
 .text._ZNK12Adafruit_GFX10getCursorXEv
                0x0800247e       0x1a CMakeFiles/lab6.dir/home/noah/Documents/centraleNantes/MAC/itii-mac-tp-etu/lib/tft/Adafruit-GFX-Library/Adafruit_GFX.cpp.obj
                0x0800247e                Adafruit_GFX::getCursorX() const
 .text._ZNK12Adafruit_GFX10getCursorYEv
                0x08002498       0x1a CMakeFiles/lab6.dir/home/noah/Documents/centraleNantes/MAC/itii-mac-tp-etu/lib/tft/Adafruit-GFX-Library/Adafruit_GFX.cpp.obj
                0x08002498                Adafruit_GFX::getCursorY() const
 .text._ZN12Adafruit_GFX12setTextColorEt
                0x080024b2       0x26 CMakeFiles/lab6.dir/home/noah/Documents/centraleNantes/MAC/itii-mac-tp-etu/lib/tft/Adafruit-GFX-Library/Adafruit_GFX.cpp.obj
                0x080024b2                Adafruit_GFX::setTextColor(unsigned short)
 .text._ZN12Adafruit_GFX11setRotationEh
                0x080024d8       0x70 CMakeFiles/lab6.dir/home/noah/Documents/centraleNantes/MAC/itii-mac-tp-etu/lib/tft/Adafruit-GFX-Library/Adafruit_GFX.cpp.obj
                0x080024d8                Adafruit_GFX::setRotation(unsigned char)
 .text._ZN12Adafruit_GFX7setFontEPK7GFXfont
                0x08002548       0x58 CMakeFiles/lab6.dir/home/noah/Documents/centraleNantes/MAC/itii-mac-tp-etu/lib/tft/Adafruit-GFX-Library/Adafruit_GFX.cpp.obj
                0x08002548                Adafruit_GFX::setFont(GFXfont const*)
 .text._ZNK12Adafruit_GFX5widthEv
                0x080025a0       0x1a CMakeFiles/lab6.dir/home/noah/Documents/centraleNantes/MAC/itii-mac-tp-etu/lib/tft/Adafruit-GFX-Library/Adafruit_GFX.cpp.obj
                0x080025a0                Adafruit_GFX::width() const
 .text._ZNK12Adafruit_GFX6heightEv
                0x080025ba       0x1a CMakeFiles/lab6.dir/home/noah/Documents/centraleNantes/MAC/itii-mac-tp-etu/lib/tft/Adafruit-GFX-Library/Adafruit_GFX.cpp.obj
                0x080025ba                Adafruit_GFX::height() const
 .text._ZN12Adafruit_GFX13invertDisplayEb
                0x080025d4       0x18 CMakeFiles/lab6.dir/home/noah/Documents/centraleNantes/MAC/itii-mac-tp-etu/lib/tft/Adafruit-GFX-Library/Adafruit_GFX.cpp.obj
                0x080025d4                Adafruit_GFX::invertDisplay(bool)
 .text._ZN10GFXcanvas19drawPixelEsst
                0x080025ec      0x158 CMakeFiles/lab6.dir/home/noah/Documents/centraleNantes/MAC/itii-mac-tp-etu/lib/tft/Adafruit-GFX-Library/Adafruit_GFX.cpp.obj
                0x080025ec                GFXcanvas1::drawPixel(short, short, unsigned short)
 .text._ZN10GFXcanvas110fillScreenEt
                0x08002744       0x54 CMakeFiles/lab6.dir/home/noah/Documents/centraleNantes/MAC/itii-mac-tp-etu/lib/tft/Adafruit-GFX-Library/Adafruit_GFX.cpp.obj
                0x08002744                GFXcanvas1::fillScreen(unsigned short)
 .text._ZN10GFXcanvas89drawPixelEsst
                0x08002798       0xf8 CMakeFiles/lab6.dir/home/noah/Documents/centraleNantes/MAC/itii-mac-tp-etu/lib/tft/Adafruit-GFX-Library/Adafruit_GFX.cpp.obj
                0x08002798                GFXcanvas8::drawPixel(short, short, unsigned short)
 .text._ZN10GFXcanvas810fillScreenEt
                0x08002890       0x3a CMakeFiles/lab6.dir/home/noah/Documents/centraleNantes/MAC/itii-mac-tp-etu/lib/tft/Adafruit-GFX-Library/Adafruit_GFX.cpp.obj
                0x08002890                GFXcanvas8::fillScreen(unsigned short)
 .text._ZN10GFXcanvas814writeFastHLineEssst
                0x080028ca      0x13a CMakeFiles/lab6.dir/home/noah/Documents/centraleNantes/MAC/itii-mac-tp-etu/lib/tft/Adafruit-GFX-Library/Adafruit_GFX.cpp.obj
                0x080028ca                GFXcanvas8::writeFastHLine(short, short, short, unsigned short)
 .text._ZN11GFXcanvas169drawPixelEsst
                0x08002a04       0xf8 CMakeFiles/lab6.dir/home/noah/Documents/centraleNantes/MAC/itii-mac-tp-etu/lib/tft/Adafruit-GFX-Library/Adafruit_GFX.cpp.obj
                0x08002a04                GFXcanvas16::drawPixel(short, short, unsigned short)
 .text._ZN11GFXcanvas1610fillScreenEt
                0x08002afc       0x88 CMakeFiles/lab6.dir/home/noah/Documents/centraleNantes/MAC/itii-mac-tp-etu/lib/tft/Adafruit-GFX-Library/Adafruit_GFX.cpp.obj
                0x08002afc                GFXcanvas16::fillScreen(unsigned short)
 .text._ZN15Adafruit_SPITFT10writePixelEt
                0x08002b84       0x2c CMakeFiles/lab6.dir/home/noah/Documents/centraleNantes/MAC/itii-mac-tp-etu/lib/tft/Adafruit-GFX-Library/Adafruit_SPITFT.cpp.obj
                0x08002b84                Adafruit_SPITFT::writePixel(unsigned short)
 .text._ZN15Adafruit_SPITFTC2Ett
                0x08002bb0       0x50 CMakeFiles/lab6.dir/home/noah/Documents/centraleNantes/MAC/itii-mac-tp-etu/lib/tft/Adafruit-GFX-Library/Adafruit_SPITFT.cpp.obj
                0x08002bb0                Adafruit_SPITFT::Adafruit_SPITFT(unsigned short, unsigned short)
                0x08002bb0                Adafruit_SPITFT::Adafruit_SPITFT(unsigned short, unsigned short)
 .text._ZN15Adafruit_SPITFT7initSPIEm
                0x08002c00       0x30 CMakeFiles/lab6.dir/home/noah/Documents/centraleNantes/MAC/itii-mac-tp-etu/lib/tft/Adafruit-GFX-Library/Adafruit_SPITFT.cpp.obj
                0x08002c00                Adafruit_SPITFT::initSPI(unsigned long)
 .text._ZN15Adafruit_SPITFT8spiWriteEh
                0x08002c30       0x1c CMakeFiles/lab6.dir/home/noah/Documents/centraleNantes/MAC/itii-mac-tp-etu/lib/tft/Adafruit-GFX-Library/Adafruit_SPITFT.cpp.obj
                0x08002c30                Adafruit_SPITFT::spiWrite(unsigned char)
 .text._ZN15Adafruit_SPITFT10startWriteEv
                0x08002c4c       0x1e CMakeFiles/lab6.dir/home/noah/Documents/centraleNantes/MAC/itii-mac-tp-etu/lib/tft/Adafruit-GFX-Library/Adafruit_SPITFT.cpp.obj
                0x08002c4c                Adafruit_SPITFT::startWrite()
 .text._ZN15Adafruit_SPITFT8endWriteEv
                0x08002c6a       0x1c CMakeFiles/lab6.dir/home/noah/Documents/centraleNantes/MAC/itii-mac-tp-etu/lib/tft/Adafruit-GFX-Library/Adafruit_SPITFT.cpp.obj
                0x08002c6a                Adafruit_SPITFT::endWrite()
 .text._ZN15Adafruit_SPITFT12writeCommandEh
                0x08002c86       0x32 CMakeFiles/lab6.dir/home/noah/Documents/centraleNantes/MAC/itii-mac-tp-etu/lib/tft/Adafruit-GFX-Library/Adafruit_SPITFT.cpp.obj
                0x08002c86                Adafruit_SPITFT::writeCommand(unsigned char)
 .text._ZN15Adafruit_SPITFT10writeColorEtm
                0x08002cb8       0x46 CMakeFiles/lab6.dir/home/noah/Documents/centraleNantes/MAC/itii-mac-tp-etu/lib/tft/Adafruit-GFX-Library/Adafruit_SPITFT.cpp.obj
                0x08002cb8                Adafruit_SPITFT::writeColor(unsigned short, unsigned long)
 .text._ZN15Adafruit_SPITFT10writePixelEsst
                0x08002cfe       0x70 CMakeFiles/lab6.dir/home/noah/Documents/centraleNantes/MAC/itii-mac-tp-etu/lib/tft/Adafruit-GFX-Library/Adafruit_SPITFT.cpp.obj
                0x08002cfe                Adafruit_SPITFT::writePixel(short, short, unsigned short)
 .text._ZN15Adafruit_SPITFT13writeFillRectEsssst
                0x08002d6e      0x106 CMakeFiles/lab6.dir/home/noah/Documents/centraleNantes/MAC/itii-mac-tp-etu/lib/tft/Adafruit-GFX-Library/Adafruit_SPITFT.cpp.obj
                0x08002d6e                Adafruit_SPITFT::writeFillRect(short, short, short, short, unsigned short)
 .text._ZN15Adafruit_SPITFT14writeFastVLineEssst
                0x08002e74       0x42 CMakeFiles/lab6.dir/home/noah/Documents/centraleNantes/MAC/itii-mac-tp-etu/lib/tft/Adafruit-GFX-Library/Adafruit_SPITFT.cpp.obj
                0x08002e74                Adafruit_SPITFT::writeFastVLine(short, short, short, unsigned short)
 .text._ZN15Adafruit_SPITFT14writeFastHLineEssst
                0x08002eb6       0x44 CMakeFiles/lab6.dir/home/noah/Documents/centraleNantes/MAC/itii-mac-tp-etu/lib/tft/Adafruit-GFX-Library/Adafruit_SPITFT.cpp.obj
                0x08002eb6                Adafruit_SPITFT::writeFastHLine(short, short, short, unsigned short)
 .text._ZN15Adafruit_SPITFT9drawPixelEsst
                0x08002efa       0x50 CMakeFiles/lab6.dir/home/noah/Documents/centraleNantes/MAC/itii-mac-tp-etu/lib/tft/Adafruit-GFX-Library/Adafruit_SPITFT.cpp.obj
                0x08002efa                Adafruit_SPITFT::drawPixel(short, short, unsigned short)
 .text._ZN15Adafruit_SPITFT13drawFastVLineEssst
                0x08002f4a       0x58 CMakeFiles/lab6.dir/home/noah/Documents/centraleNantes/MAC/itii-mac-tp-etu/lib/tft/Adafruit-GFX-Library/Adafruit_SPITFT.cpp.obj
                0x08002f4a                Adafruit_SPITFT::drawFastVLine(short, short, short, unsigned short)
 .text._ZN15Adafruit_SPITFT13drawFastHLineEssst
                0x08002fa2       0x58 CMakeFiles/lab6.dir/home/noah/Documents/centraleNantes/MAC/itii-mac-tp-etu/lib/tft/Adafruit-GFX-Library/Adafruit_SPITFT.cpp.obj
                0x08002fa2                Adafruit_SPITFT::drawFastHLine(short, short, short, unsigned short)
 .text._ZN15Adafruit_SPITFT8fillRectEsssst
                0x08002ffa       0x5e CMakeFiles/lab6.dir/home/noah/Documents/centraleNantes/MAC/itii-mac-tp-etu/lib/tft/Adafruit-GFX-Library/Adafruit_SPITFT.cpp.obj
                0x08002ffa                Adafruit_SPITFT::fillRect(short, short, short, short, unsigned short)
 .text._ZN15Adafruit_SPITFT13invertDisplayEb
                0x08003058       0x48 CMakeFiles/lab6.dir/home/noah/Documents/centraleNantes/MAC/itii-mac-tp-etu/lib/tft/Adafruit-GFX-Library/Adafruit_SPITFT.cpp.obj
                0x08003058                Adafruit_SPITFT::invertDisplay(bool)
 .text._ZN15Adafruit_ST77355initREh
                0x080030a0      0x11c CMakeFiles/lab6.dir/home/noah/Documents/centraleNantes/MAC/itii-mac-tp-etu/lib/tft/Adafruit-ST7735-Library/Adafruit_ST7735.cpp.obj
                0x080030a0                Adafruit_ST7735::initR(unsigned char)
 .text._ZN15Adafruit_ST773511setRotationEh
                0x080031bc      0x248 CMakeFiles/lab6.dir/home/noah/Documents/centraleNantes/MAC/itii-mac-tp-etu/lib/tft/Adafruit-ST7735-Library/Adafruit_ST7735.cpp.obj
                0x080031bc                Adafruit_ST7735::setRotation(unsigned char)
 .text._ZN15Adafruit_ST77xxC2Ev
                0x08003404       0x38 CMakeFiles/lab6.dir/home/noah/Documents/centraleNantes/MAC/itii-mac-tp-etu/lib/tft/Adafruit-ST7735-Library/Adafruit_ST77xx.cpp.obj
                0x08003404                Adafruit_ST77xx::Adafruit_ST77xx()
                0x08003404                Adafruit_ST77xx::Adafruit_ST77xx()
 .text._ZN15Adafruit_ST77xx11displayInitEPKh
                0x0800343c       0xf2 CMakeFiles/lab6.dir/home/noah/Documents/centraleNantes/MAC/itii-mac-tp-etu/lib/tft/Adafruit-ST7735-Library/Adafruit_ST77xx.cpp.obj
                0x0800343c                Adafruit_ST77xx::displayInit(unsigned char const*)
 *fill*         0x0800352e        0x2 
 .text._ZN15Adafruit_ST77xx5beginEm
                0x08003530       0x40 CMakeFiles/lab6.dir/home/noah/Documents/centraleNantes/MAC/itii-mac-tp-etu/lib/tft/Adafruit-ST7735-Library/Adafruit_ST77xx.cpp.obj
                0x08003530                Adafruit_ST77xx::begin(unsigned long)
 .text._ZN15Adafruit_ST77xx10commonInitEPKh
                0x08003570       0x2e CMakeFiles/lab6.dir/home/noah/Documents/centraleNantes/MAC/itii-mac-tp-etu/lib/tft/Adafruit-ST7735-Library/Adafruit_ST77xx.cpp.obj
                0x08003570                Adafruit_ST77xx::commonInit(unsigned char const*)
 .text._ZN15Adafruit_ST77xx13setAddrWindowEtttt
                0x0800359e       0xd8 CMakeFiles/lab6.dir/home/noah/Documents/centraleNantes/MAC/itii-mac-tp-etu/lib/tft/Adafruit-ST7735-Library/Adafruit_ST77xx.cpp.obj
                0x0800359e                Adafruit_ST77xx::setAddrWindow(unsigned short, unsigned short, unsigned short, unsigned short)
 *fill*         0x08003676        0x2 
 .text._ZN15Adafruit_ST77xx11setRotationEh
                0x08003678       0xf0 CMakeFiles/lab6.dir/home/noah/Documents/centraleNantes/MAC/itii-mac-tp-etu/lib/tft/Adafruit-ST7735-Library/Adafruit_ST77xx.cpp.obj
                0x08003678                Adafruit_ST77xx::setRotation(unsigned char)
 .text.Reset_Handler
                0x08003768       0x70 CMakeFiles/lab6.dir/home/noah/Documents/centraleNantes/MAC/itii-mac-tp-etu/sys/startup_ARMCM4.c.obj
                0x08003768                Reset_Handler
 .text.Default_Handler
                0x080037d8        0x8 CMakeFiles/lab6.dir/home/noah/Documents/centraleNantes/MAC/itii-mac-tp-etu/sys/startup_ARMCM4.c.obj
                0x080037d8                RTC_Alarm_IRQHandler
                0x080037d8                DebugMon_Handler
                0x080037d8                TIM1_CC_IRQHandler
                0x080037d8                HardFault_Handler
                0x080037d8                SysTick_Handler
                0x080037d8                PVD_IRQHandler
                0x080037d8                TAMP_STAMP_IRQHandler
                0x080037d8                PendSV_Handler
                0x080037d8                NMI_Handler
                0x080037d8                EXTI3_IRQHandler
                0x080037d8                FPU_IRQHandler
                0x080037d8                CAN_TX_IRQHandler
                0x080037d8                TIM1_UP_TIM16_IRQHandler
                0x080037d8                UsageFault_Handler
                0x080037d8                ADC1_2_IRQHandler
                0x080037d8                SPI1_IRQHandler
                0x080037d8                CAN_SCE_IRQHandler
                0x080037d8                DMA1_Channel4_IRQHandler
                0x080037d8                USART3_IRQHandler
                0x080037d8                DMA1_Channel7_IRQHandler
                0x080037d8                CAN_RX1_IRQHandler
                0x080037d8                I2C1_EV_IRQHandler
                0x080037d8                DMA1_Channel6_IRQHandler
                0x080037d8                TIM3_IRQHandler
                0x080037d8                RCC_IRQHandler
                0x080037d8                DMA1_Channel1_IRQHandler
                0x080037d8                Default_Handler
                0x080037d8                EXTI15_10_IRQHandler
                0x080037d8                COMP2_IRQHandler
                0x080037d8                TIM6_DAC1_IRQHandler
                0x080037d8                EXTI9_5_IRQHandler
                0x080037d8                RTC_WKUP_IRQHandler
                0x080037d8                MemManage_Handler
                0x080037d8                SVC_Handler
                0x080037d8                DMA1_Channel5_IRQHandler
                0x080037d8                EXTI4_IRQHandler
                0x080037d8                TIM1_TRG_COM_TIM17_IRQHandler
                0x080037d8                DMA1_Channel3_IRQHandler
                0x080037d8                WWDG_IRQHandler
                0x080037d8                TIM2_IRQHandler
                0x080037d8                EXTI1_IRQHandler
                0x080037d8                COMP4_6_IRQHandler
                0x080037d8                USART2_IRQHandler
                0x080037d8                DMA1_Channel2_IRQHandler
                0x080037d8                FLASH_IRQHandler
                0x080037d8                BusFault_Handler
                0x080037d8                USART1_IRQHandler
                0x080037d8                CAN_RX0_IRQHandler
                0x080037d8                I2C1_ER_IRQHandler
                0x080037d8                EXTI2_TSC_IRQHandler
                0x080037d8                TIM1_BRK_TIM15_IRQHandler
 .text.SystemInit
                0x080037e0       0x88 CMakeFiles/lab6.dir/home/noah/Documents/centraleNantes/MAC/itii-mac-tp-etu/sys/startup_clock.c.obj
                0x080037e0                SystemInit
 .text._getpid  0x08003868       0x10 CMakeFiles/lab6.dir/home/noah/Documents/centraleNantes/MAC/itii-mac-tp-etu/sys/syscalls.c.obj
                0x08003868                _getpid
 .text._kill    0x08003878       0x20 CMakeFiles/lab6.dir/home/noah/Documents/centraleNantes/MAC/itii-mac-tp-etu/sys/syscalls.c.obj
                0x08003878                _kill
 .text._exit    0x08003898       0x16 CMakeFiles/lab6.dir/home/noah/Documents/centraleNantes/MAC/itii-mac-tp-etu/sys/syscalls.c.obj
                0x08003898                _exit
 *fill*         0x080038ae        0x2 
 .text          0x080038b0      0xa48 /opt/st/stm32cubeclt_1.19.0/GNU-tools-for-STM32/bin/../lib/gcc/arm-none-eabi/13.3.1/thumb/v7e-m+fp/hard/libgcc.a(unwind-arm.o)
                0x08003b6c                _Unwind_GetCFA
                0x08003b70                __gnu_Unwind_RaiseException
                0x08003bd8                __gnu_Unwind_ForcedUnwind
                0x08003be8                __gnu_Unwind_Resume
                0x08003c2c                __gnu_Unwind_Resume_or_Rethrow
                0x08003c3c                _Unwind_Complete
                0x08003c40                _Unwind_DeleteException
                0x08003c4c                _Unwind_VRS_Get
                0x08003c9c                _Unwind_VRS_Set
                0x08003ce8                __gnu_Unwind_Backtrace
                0x08004010                __aeabi_unwind_cpp_pr0
                0x08004014                __aeabi_unwind_cpp_pr1
                0x08004018                __aeabi_unwind_cpp_pr2
                0x0800401c                _Unwind_VRS_Pop
 .text          0x080042f8      0x1ac /opt/st/stm32cubeclt_1.19.0/GNU-tools-for-STM32/bin/../lib/gcc/arm-none-eabi/13.3.1/thumb/v7e-m+fp/hard/libgcc.a(libunwind.o)
                0x080042f8                __restore_core_regs
                0x080042f8                restore_core_regs
                0x08004310                __gnu_Unwind_Restore_VFP
                0x08004318                __gnu_Unwind_Save_VFP
                0x08004320                __gnu_Unwind_Restore_VFP_D
                0x08004328                __gnu_Unwind_Save_VFP_D
                0x08004330                __gnu_Unwind_Restore_VFP_D_16_to_31
                0x08004338                __gnu_Unwind_Save_VFP_D_16_to_31
                0x08004340                __gnu_Unwind_Restore_WMMXD
                0x08004384                __gnu_Unwind_Save_WMMXD
                0x080043c8                __gnu_Unwind_Restore_WMMXC
                0x080043dc                __gnu_Unwind_Save_WMMXC
                0x080043f0                ___Unwind_RaiseException
                0x080043f0                _Unwind_RaiseException
                0x08004414                ___Unwind_Resume
                0x08004414                _Unwind_Resume
                0x08004438                _Unwind_Resume_or_Rethrow
                0x08004438                ___Unwind_Resume_or_Rethrow
                0x0800445c                ___Unwind_ForcedUnwind
                0x0800445c                _Unwind_ForcedUnwind
                0x08004480                _Unwind_Backtrace
                0x08004480                ___Unwind_Backtrace
 .text          0x080044a4      0x3a0 /opt/st/stm32cubeclt_1.19.0/GNU-tools-for-STM32/bin/../lib/gcc/arm-none-eabi/13.3.1/thumb/v7e-m+fp/hard/libgcc.a(pr-support.o)
                0x080044fc                __gnu_unwind_execute
                0x080047f8                __gnu_unwind_frame
                0x08004824                _Unwind_GetRegionStart
                0x08004830                _Unwind_GetLanguageSpecificData
 .text.abort    0x08004844        0xe /opt/st/stm32cubeclt_1.19.0/GNU-tools-for-STM32/bin/../lib/gcc/arm-none-eabi/13.3.1/../../../../arm-none-eabi/lib/thumb/v7e-m+fp/hard/libc.a(libc_a-abort.o)
                0x08004844                abort
 *fill*         0x08004852        0x2 
 .text.exit     0x08004854       0x1c /opt/st/stm32cubeclt_1.19.0/GNU-tools-for-STM32/bin/../lib/gcc/arm-none-eabi/13.3.1/../../../../arm-none-eabi/lib/thumb/v7e-m+fp/hard/libc.a(libc_a-exit.o)
                0x08004854                exit
 .text.memset   0x08004870       0x10 /opt/st/stm32cubeclt_1.19.0/GNU-tools-for-STM32/bin/../lib/gcc/arm-none-eabi/13.3.1/../../../../arm-none-eabi/lib/thumb/v7e-m+fp/hard/libc.a(libc_a-memset.o)
                0x08004870                memset
 .text._raise_r
                0x08004880       0x52 /opt/st/stm32cubeclt_1.19.0/GNU-tools-for-STM32/bin/../lib/gcc/arm-none-eabi/13.3.1/../../../../arm-none-eabi/lib/thumb/v7e-m+fp/hard/libc.a(libc_a-signal.o)
                0x08004880                _raise_r
 *fill*         0x080048d2        0x2 
 .text.raise    0x080048d4       0x10 /opt/st/stm32cubeclt_1.19.0/GNU-tools-for-STM32/bin/../lib/gcc/arm-none-eabi/13.3.1/../../../../arm-none-eabi/lib/thumb/v7e-m+fp/hard/libc.a(libc_a-signal.o)
                0x080048d4                raise
 .text._kill_r  0x080048e4       0x24 /opt/st/stm32cubeclt_1.19.0/GNU-tools-for-STM32/bin/../lib/gcc/arm-none-eabi/13.3.1/../../../../arm-none-eabi/lib/thumb/v7e-m+fp/hard/libc.a(libc_a-signalr.o)
                0x080048e4                _kill_r
 .text._getpid_r
                0x08004908        0x4 /opt/st/stm32cubeclt_1.19.0/GNU-tools-for-STM32/bin/../lib/gcc/arm-none-eabi/13.3.1/../../../../arm-none-eabi/lib/thumb/v7e-m+fp/hard/libc.a(libc_a-signalr.o)
                0x08004908                _getpid_r
 .text.__errno  0x0800490c        0xc /opt/st/stm32cubeclt_1.19.0/GNU-tools-for-STM32/bin/../lib/gcc/arm-none-eabi/13.3.1/../../../../arm-none-eabi/lib/thumb/v7e-m+fp/hard/libc.a(libc_a-errno.o)
                0x0800490c                __errno
 .text.__libc_init_array
                0x08004918       0x48 /opt/st/stm32cubeclt_1.19.0/GNU-tools-for-STM32/bin/../lib/gcc/arm-none-eabi/13.3.1/../../../../arm-none-eabi/lib/thumb/v7e-m+fp/hard/libc.a(libc_a-init.o)
                0x08004918                __libc_init_array
 .text.__retarget_lock_acquire_recursive
                0x08004960        0x2 /opt/st/stm32cubeclt_1.19.0/GNU-tools-for-STM32/bin/../lib/gcc/arm-none-eabi/13.3.1/../../../../arm-none-eabi/lib/thumb/v7e-m+fp/hard/libc.a(libc_a-lock.o)
                0x08004960                __retarget_lock_acquire_recursive
 .text.__retarget_lock_release_recursive
                0x08004962        0x2 /opt/st/stm32cubeclt_1.19.0/GNU-tools-for-STM32/bin/../lib/gcc/arm-none-eabi/13.3.1/../../../../arm-none-eabi/lib/thumb/v7e-m+fp/hard/libc.a(libc_a-lock.o)
                0x08004962                __retarget_lock_release_recursive
 .text.memcpy   0x08004964       0x1c /opt/st/stm32cubeclt_1.19.0/GNU-tools-for-STM32/bin/../lib/gcc/arm-none-eabi/13.3.1/../../../../arm-none-eabi/lib/thumb/v7e-m+fp/hard/libc.a(libc_a-memcpy-stub.o)
                0x08004964                memcpy
 .text          0x08004980       0x10 /opt/st/stm32cubeclt_1.19.0/GNU-tools-for-STM32/bin/../lib/gcc/arm-none-eabi/13.3.1/../../../../arm-none-eabi/lib/thumb/v7e-m+fp/hard/libc.a(libc_a-strlen.o)
                0x08004980                strlen
 .text.startup.register_fini
                0x08004990       0x14 /opt/st/stm32cubeclt_1.19.0/GNU-tools-for-STM32/bin/../lib/gcc/arm-none-eabi/13.3.1/../../../../arm-none-eabi/lib/thumb/v7e-m+fp/hard/libc.a(libc_a-__call_atexit.o)
 .text.__call_exitprocs
                0x080049a4       0xac /opt/st/stm32cubeclt_1.19.0/GNU-tools-for-STM32/bin/../lib/gcc/arm-none-eabi/13.3.1/../../../../arm-none-eabi/lib/thumb/v7e-m+fp/hard/libc.a(libc_a-__call_atexit.o)
                0x080049a4                __call_exitprocs
 .text.atexit   0x08004a50        0xc /opt/st/stm32cubeclt_1.19.0/GNU-tools-for-STM32/bin/../lib/gcc/arm-none-eabi/13.3.1/../../../../arm-none-eabi/lib/thumb/v7e-m+fp/hard/libc.a(libc_a-atexit.o)
                0x08004a50                atexit
 .text.__libc_fini_array
                0x08004a5c       0x28 /opt/st/stm32cubeclt_1.19.0/GNU-tools-for-STM32/bin/../lib/gcc/arm-none-eabi/13.3.1/../../../../arm-none-eabi/lib/thumb/v7e-m+fp/hard/libc.a(libc_a-fini.o)
                0x08004a5c                __libc_fini_array
 .text.__register_exitproc
                0x08004a84       0x80 /opt/st/stm32cubeclt_1.19.0/GNU-tools-for-STM32/bin/../lib/gcc/arm-none-eabi/13.3.1/../../../../arm-none-eabi/lib/thumb/v7e-m+fp/hard/libc.a(libc_a-__atexit.o)
                0x08004a84                __register_exitproc
 *(.init)
 .init          0x08004b04        0x4 /opt/st/stm32cubeclt_1.19.0/GNU-tools-for-STM32/bin/../lib/gcc/arm-none-eabi/13.3.1/thumb/v7e-m+fp/hard/crti.o
                0x08004b04                _init
 .init          0x08004b08        0x8 /opt/st/stm32cubeclt_1.19.0/GNU-tools-for-STM32/bin/../lib/gcc/arm-none-eabi/13.3.1/thumb/v7e-m+fp/hard/crtn.o
 *(.fini)
 .fini          0x08004b10        0x4 /opt/st/stm32cubeclt_1.19.0/GNU-tools-for-STM32/bin/../lib/gcc/arm-none-eabi/13.3.1/thumb/v7e-m+fp/hard/crti.o
                0x08004b10                _fini
 .fini          0x08004b14        0x8 /opt/st/stm32cubeclt_1.19.0/GNU-tools-for-STM32/bin/../lib/gcc/arm-none-eabi/13.3.1/thumb/v7e-m+fp/hard/crtn.o
 *crtbegin.o(.ctors)
 *crtbegin?.o(.ctors)
 *(EXCLUDE_FILE(*crtend.o *crtend?.o) .ctors)
 *(SORT_BY_NAME(.ctors.*))
 *(.ctors)
 *crtbegin.o(.dtors)
 *crtbegin?.o(.dtors)
 *(EXCLUDE_FILE(*crtend.o *crtend?.o) .dtors)
 *(SORT_BY_NAME(.dtors.*))
 *(.dtors)
 *(.rodata*)
 .rodata        0x08004b1c       0x44 CMakeFiles/lab6.dir/app/rotationApp.cpp.obj
 .rodata        0x08004b60      0x524 CMakeFiles/lab6.dir/home/noah/Documents/centraleNantes/MAC/itii-mac-tp-etu/lib/tft/tft.cpp.obj
 .rodata._ZTV3tft
                0x08005084       0x58 CMakeFiles/lab6.dir/home/noah/Documents/centraleNantes/MAC/itii-mac-tp-etu/lib/tft/tft.cpp.obj
                0x08005084                vtable for tft
 .rodata        0x080050dc       0x24 CMakeFiles/lab6.dir/home/noah/Documents/centraleNantes/MAC/itii-mac-tp-etu/lib/tft/arduinoCore/Print.cpp.obj
                0x080050f0                vtable for Print
 .rodata        0x08005100      0x640 CMakeFiles/lab6.dir/home/noah/Documents/centraleNantes/MAC/itii-mac-tp-etu/lib/tft/Adafruit-GFX-Library/Adafruit_GFX.cpp.obj
                0x08005600                vtable for GFXcanvas16
                0x08005650                vtable for GFXcanvas8
                0x080056a0                vtable for GFXcanvas1
                0x080056f0                vtable for Adafruit_GFX
 .rodata        0x08005740       0x58 CMakeFiles/lab6.dir/home/noah/Documents/centraleNantes/MAC/itii-mac-tp-etu/lib/tft/Adafruit-GFX-Library/Adafruit_SPITFT.cpp.obj
                0x08005740                vtable for Adafruit_SPITFT
 .rodata        0x08005798      0x168 CMakeFiles/lab6.dir/home/noah/Documents/centraleNantes/MAC/itii-mac-tp-etu/lib/tft/Adafruit-ST7735-Library/Adafruit_ST7735.cpp.obj
                0x080058a8                vtable for Adafruit_ST7735
 .rodata        0x08005900       0x58 CMakeFiles/lab6.dir/home/noah/Documents/centraleNantes/MAC/itii-mac-tp-etu/lib/tft/Adafruit-ST7735-Library/Adafruit_ST77xx.cpp.obj
                0x08005900                vtable for Adafruit_ST77xx
 *(.eh_frame*)
 .eh_frame      0x08005958        0x0 /opt/st/stm32cubeclt_1.19.0/GNU-tools-for-STM32/bin/../lib/gcc/arm-none-eabi/13.3.1/thumb/v7e-m+fp/hard/crtbegin.o
 .eh_frame      0x08005958       0x28 /opt/st/stm32cubeclt_1.19.0/GNU-tools-for-STM32/bin/../lib/gcc/arm-none-eabi/13.3.1/../../../../arm-none-eabi/lib/thumb/v7e-m+fp/hard/libc.a(libc_a-strlen.o)
 .eh_frame      0x08005980        0x4 /opt/st/stm32cubeclt_1.19.0/GNU-tools-for-STM32/bin/../lib/gcc/arm-none-eabi/13.3.1/thumb/v7e-m+fp/hard/crtend.o

.glue_7         0x08005984        0x0
 .glue_7        0x08005984        0x0 linker stubs

.glue_7t        0x08005984        0x0
 .glue_7t       0x08005984        0x0 linker stubs

.vfp11_veneer   0x08005984        0x0
 .vfp11_veneer  0x08005984        0x0 linker stubs

.v4_bx          0x08005984        0x0
 .v4_bx         0x08005984        0x0 linker stubs

.iplt           0x08005984        0x0
 .iplt          0x08005984        0x0 /opt/st/stm32cubeclt_1.19.0/GNU-tools-for-STM32/bin/../lib/gcc/arm-none-eabi/13.3.1/thumb/v7e-m+fp/hard/crtbegin.o

.ARM.extab      0x08005984      0x2d0
 *(.ARM.extab* .gnu.linkonce.armextab.*)
 .ARM.extab.text._Z10manualModev
                0x08005984        0xc CMakeFiles/lab6.dir/app/rotationApp.cpp.obj
 .ARM.extab.text._Z12showDistanceii
                0x08005990        0xc CMakeFiles/lab6.dir/app/rotationApp.cpp.obj
 .ARM.extab.text._Z11displayMode12RotationMode
                0x0800599c        0xc CMakeFiles/lab6.dir/app/rotationApp.cpp.obj
 .ARM.extab.text._Z16rotationApp_mainv
                0x080059a8        0xc CMakeFiles/lab6.dir/app/rotationApp.cpp.obj
 .ARM.extab.text._ZN15Adafruit_ST7735C2Ev
                0x080059b4        0xc CMakeFiles/lab6.dir/home/noah/Documents/centraleNantes/MAC/itii-mac-tp-etu/lib/tft/tft.cpp.obj
 .ARM.extab.text._ZN3tftC2Ev
                0x080059c0        0xc CMakeFiles/lab6.dir/home/noah/Documents/centraleNantes/MAC/itii-mac-tp-etu/lib/tft/tft.cpp.obj
 .ARM.extab.text._ZN3tft5eraseEv
                0x080059cc        0xc CMakeFiles/lab6.dir/home/noah/Documents/centraleNantes/MAC/itii-mac-tp-etu/lib/tft/tft.cpp.obj
 .ARM.extab.text._ZN3tft5setupEv
                0x080059d8        0xc CMakeFiles/lab6.dir/home/noah/Documents/centraleNantes/MAC/itii-mac-tp-etu/lib/tft/tft.cpp.obj
 .ARM.extab.text._ZN3tft13setTextCursorEjj
                0x080059e4        0xc CMakeFiles/lab6.dir/home/noah/Documents/centraleNantes/MAC/itii-mac-tp-etu/lib/tft/tft.cpp.obj
 .ARM.extab.text._ZN3tft12getTextWidthEv
                0x080059f0        0xc CMakeFiles/lab6.dir/home/noah/Documents/centraleNantes/MAC/itii-mac-tp-etu/lib/tft/tft.cpp.obj
 .ARM.extab.text._ZN3tft13getTextHeightEv
                0x080059fc        0xc CMakeFiles/lab6.dir/home/noah/Documents/centraleNantes/MAC/itii-mac-tp-etu/lib/tft/tft.cpp.obj
 .ARM.extab.text._ZN3tft9eraseTextEj
                0x08005a08        0xc CMakeFiles/lab6.dir/home/noah/Documents/centraleNantes/MAC/itii-mac-tp-etu/lib/tft/tft.cpp.obj
 .ARM.extab.text._ZN5Print5writeEPKc
                0x08005a14        0xc CMakeFiles/lab6.dir/home/noah/Documents/centraleNantes/MAC/itii-mac-tp-etu/lib/tft/arduinoCore/Print.cpp.obj
 .ARM.extab.text._ZN5Print5writeEPKhj
                0x08005a20        0xc CMakeFiles/lab6.dir/home/noah/Documents/centraleNantes/MAC/itii-mac-tp-etu/lib/tft/arduinoCore/Print.cpp.obj
 .ARM.extab.text._ZN5Print5printEPKc
                0x08005a2c        0xc CMakeFiles/lab6.dir/home/noah/Documents/centraleNantes/MAC/itii-mac-tp-etu/lib/tft/arduinoCore/Print.cpp.obj
 .ARM.extab.text._ZN5Print5printEc
                0x08005a38        0xc CMakeFiles/lab6.dir/home/noah/Documents/centraleNantes/MAC/itii-mac-tp-etu/lib/tft/arduinoCore/Print.cpp.obj
 .ARM.extab.text._ZN5Print5printEii
                0x08005a44        0xc CMakeFiles/lab6.dir/home/noah/Documents/centraleNantes/MAC/itii-mac-tp-etu/lib/tft/arduinoCore/Print.cpp.obj
 .ARM.extab.text._ZN5Print5printEli
                0x08005a50        0xc CMakeFiles/lab6.dir/home/noah/Documents/centraleNantes/MAC/itii-mac-tp-etu/lib/tft/arduinoCore/Print.cpp.obj
 .ARM.extab.text._ZN5Print11printNumberEmh
                0x08005a5c        0xc CMakeFiles/lab6.dir/home/noah/Documents/centraleNantes/MAC/itii-mac-tp-etu/lib/tft/arduinoCore/Print.cpp.obj
 .ARM.extab.text._ZN5PrintC2Ev
                0x08005a68        0x0 CMakeFiles/lab6.dir/home/noah/Documents/centraleNantes/MAC/itii-mac-tp-etu/lib/tft/Adafruit-GFX-Library/Adafruit_GFX.cpp.obj
 .ARM.extab.text._ZN12Adafruit_GFX9writeLineEsssst
                0x08005a68        0xc CMakeFiles/lab6.dir/home/noah/Documents/centraleNantes/MAC/itii-mac-tp-etu/lib/tft/Adafruit-GFX-Library/Adafruit_GFX.cpp.obj
 .ARM.extab.text._ZN12Adafruit_GFX10writePixelEsst
                0x08005a74        0xc CMakeFiles/lab6.dir/home/noah/Documents/centraleNantes/MAC/itii-mac-tp-etu/lib/tft/Adafruit-GFX-Library/Adafruit_GFX.cpp.obj
 .ARM.extab.text._ZN12Adafruit_GFX14writeFastVLineEssst
                0x08005a80        0xc CMakeFiles/lab6.dir/home/noah/Documents/centraleNantes/MAC/itii-mac-tp-etu/lib/tft/Adafruit-GFX-Library/Adafruit_GFX.cpp.obj
 .ARM.extab.text._ZN12Adafruit_GFX14writeFastHLineEssst
                0x08005a8c        0xc CMakeFiles/lab6.dir/home/noah/Documents/centraleNantes/MAC/itii-mac-tp-etu/lib/tft/Adafruit-GFX-Library/Adafruit_GFX.cpp.obj
 .ARM.extab.text._ZN12Adafruit_GFX13writeFillRectEsssst
                0x08005a98        0xc CMakeFiles/lab6.dir/home/noah/Documents/centraleNantes/MAC/itii-mac-tp-etu/lib/tft/Adafruit-GFX-Library/Adafruit_GFX.cpp.obj
 .ARM.extab.text._ZN12Adafruit_GFX13drawFastVLineEssst
                0x08005aa4        0xc CMakeFiles/lab6.dir/home/noah/Documents/centraleNantes/MAC/itii-mac-tp-etu/lib/tft/Adafruit-GFX-Library/Adafruit_GFX.cpp.obj
 .ARM.extab.text._ZN12Adafruit_GFX13drawFastHLineEssst
                0x08005ab0        0xc CMakeFiles/lab6.dir/home/noah/Documents/centraleNantes/MAC/itii-mac-tp-etu/lib/tft/Adafruit-GFX-Library/Adafruit_GFX.cpp.obj
 .ARM.extab.text._ZN12Adafruit_GFX8fillRectEsssst
                0x08005abc        0xc CMakeFiles/lab6.dir/home/noah/Documents/centraleNantes/MAC/itii-mac-tp-etu/lib/tft/Adafruit-GFX-Library/Adafruit_GFX.cpp.obj
 .ARM.extab.text._ZN12Adafruit_GFX10fillScreenEt
                0x08005ac8        0xc CMakeFiles/lab6.dir/home/noah/Documents/centraleNantes/MAC/itii-mac-tp-etu/lib/tft/Adafruit-GFX-Library/Adafruit_GFX.cpp.obj
 .ARM.extab.text._ZN12Adafruit_GFX8drawLineEsssst
                0x08005ad4        0xc CMakeFiles/lab6.dir/home/noah/Documents/centraleNantes/MAC/itii-mac-tp-etu/lib/tft/Adafruit-GFX-Library/Adafruit_GFX.cpp.obj
 .ARM.extab.text._ZN12Adafruit_GFX8drawRectEsssst
                0x08005ae0        0xc CMakeFiles/lab6.dir/home/noah/Documents/centraleNantes/MAC/itii-mac-tp-etu/lib/tft/Adafruit-GFX-Library/Adafruit_GFX.cpp.obj
 .ARM.extab.text._ZN12Adafruit_GFX8drawCharEsshtth
                0x08005aec        0xc CMakeFiles/lab6.dir/home/noah/Documents/centraleNantes/MAC/itii-mac-tp-etu/lib/tft/Adafruit-GFX-Library/Adafruit_GFX.cpp.obj
 .ARM.extab.text._ZN12Adafruit_GFX5writeEh
                0x08005af8        0xc CMakeFiles/lab6.dir/home/noah/Documents/centraleNantes/MAC/itii-mac-tp-etu/lib/tft/Adafruit-GFX-Library/Adafruit_GFX.cpp.obj
 .ARM.extab.text._ZN15Adafruit_SPITFT10writePixelEt
                0x08005b04        0xc CMakeFiles/lab6.dir/home/noah/Documents/centraleNantes/MAC/itii-mac-tp-etu/lib/tft/Adafruit-GFX-Library/Adafruit_SPITFT.cpp.obj
 .ARM.extab.text._ZN15Adafruit_SPITFTC2Ett
                0x08005b10        0xc CMakeFiles/lab6.dir/home/noah/Documents/centraleNantes/MAC/itii-mac-tp-etu/lib/tft/Adafruit-GFX-Library/Adafruit_SPITFT.cpp.obj
 .ARM.extab.text._ZN15Adafruit_SPITFT7initSPIEm
                0x08005b1c        0xc CMakeFiles/lab6.dir/home/noah/Documents/centraleNantes/MAC/itii-mac-tp-etu/lib/tft/Adafruit-GFX-Library/Adafruit_SPITFT.cpp.obj
 .ARM.extab.text._ZN15Adafruit_SPITFT8spiWriteEh
                0x08005b28        0xc CMakeFiles/lab6.dir/home/noah/Documents/centraleNantes/MAC/itii-mac-tp-etu/lib/tft/Adafruit-GFX-Library/Adafruit_SPITFT.cpp.obj
 .ARM.extab.text._ZN15Adafruit_SPITFT10startWriteEv
                0x08005b34        0x0 CMakeFiles/lab6.dir/home/noah/Documents/centraleNantes/MAC/itii-mac-tp-etu/lib/tft/Adafruit-GFX-Library/Adafruit_SPITFT.cpp.obj
 .ARM.extab.text._ZN15Adafruit_SPITFT8endWriteEv
                0x08005b34        0x0 CMakeFiles/lab6.dir/home/noah/Documents/centraleNantes/MAC/itii-mac-tp-etu/lib/tft/Adafruit-GFX-Library/Adafruit_SPITFT.cpp.obj
 .ARM.extab.text._ZN15Adafruit_SPITFT12writeCommandEh
                0x08005b34        0xc CMakeFiles/lab6.dir/home/noah/Documents/centraleNantes/MAC/itii-mac-tp-etu/lib/tft/Adafruit-GFX-Library/Adafruit_SPITFT.cpp.obj
 .ARM.extab.text._ZN15Adafruit_SPITFT10writeColorEtm
                0x08005b40        0xc CMakeFiles/lab6.dir/home/noah/Documents/centraleNantes/MAC/itii-mac-tp-etu/lib/tft/Adafruit-GFX-Library/Adafruit_SPITFT.cpp.obj
 .ARM.extab.text._ZN15Adafruit_SPITFT10writePixelEsst
                0x08005b4c        0xc CMakeFiles/lab6.dir/home/noah/Documents/centraleNantes/MAC/itii-mac-tp-etu/lib/tft/Adafruit-GFX-Library/Adafruit_SPITFT.cpp.obj
 .ARM.extab.text._ZN15Adafruit_SPITFT13writeFillRectEsssst
                0x08005b58        0xc CMakeFiles/lab6.dir/home/noah/Documents/centraleNantes/MAC/itii-mac-tp-etu/lib/tft/Adafruit-GFX-Library/Adafruit_SPITFT.cpp.obj
 .ARM.extab.text._ZN15Adafruit_SPITFT14writeFastVLineEssst
                0x08005b64        0xc CMakeFiles/lab6.dir/home/noah/Documents/centraleNantes/MAC/itii-mac-tp-etu/lib/tft/Adafruit-GFX-Library/Adafruit_SPITFT.cpp.obj
 .ARM.extab.text._ZN15Adafruit_SPITFT14writeFastHLineEssst
                0x08005b70        0xc CMakeFiles/lab6.dir/home/noah/Documents/centraleNantes/MAC/itii-mac-tp-etu/lib/tft/Adafruit-GFX-Library/Adafruit_SPITFT.cpp.obj
 .ARM.extab.text._ZN15Adafruit_SPITFT9drawPixelEsst
                0x08005b7c        0xc CMakeFiles/lab6.dir/home/noah/Documents/centraleNantes/MAC/itii-mac-tp-etu/lib/tft/Adafruit-GFX-Library/Adafruit_SPITFT.cpp.obj
 .ARM.extab.text._ZN15Adafruit_SPITFT13drawFastVLineEssst
                0x08005b88        0xc CMakeFiles/lab6.dir/home/noah/Documents/centraleNantes/MAC/itii-mac-tp-etu/lib/tft/Adafruit-GFX-Library/Adafruit_SPITFT.cpp.obj
 .ARM.extab.text._ZN15Adafruit_SPITFT13drawFastHLineEssst
                0x08005b94        0xc CMakeFiles/lab6.dir/home/noah/Documents/centraleNantes/MAC/itii-mac-tp-etu/lib/tft/Adafruit-GFX-Library/Adafruit_SPITFT.cpp.obj
 .ARM.extab.text._ZN15Adafruit_SPITFT8fillRectEsssst
                0x08005ba0        0xc CMakeFiles/lab6.dir/home/noah/Documents/centraleNantes/MAC/itii-mac-tp-etu/lib/tft/Adafruit-GFX-Library/Adafruit_SPITFT.cpp.obj
 .ARM.extab.text._ZN15Adafruit_SPITFT13invertDisplayEb
                0x08005bac        0xc CMakeFiles/lab6.dir/home/noah/Documents/centraleNantes/MAC/itii-mac-tp-etu/lib/tft/Adafruit-GFX-Library/Adafruit_SPITFT.cpp.obj
 .ARM.extab.text._ZN15Adafruit_ST77355initREh
                0x08005bb8        0xc CMakeFiles/lab6.dir/home/noah/Documents/centraleNantes/MAC/itii-mac-tp-etu/lib/tft/Adafruit-ST7735-Library/Adafruit_ST7735.cpp.obj
 .ARM.extab.text._ZN15Adafruit_ST773511setRotationEh
                0x08005bc4        0xc CMakeFiles/lab6.dir/home/noah/Documents/centraleNantes/MAC/itii-mac-tp-etu/lib/tft/Adafruit-ST7735-Library/Adafruit_ST7735.cpp.obj
 .ARM.extab.text._ZN15Adafruit_ST77xxC2Ev
                0x08005bd0        0xc CMakeFiles/lab6.dir/home/noah/Documents/centraleNantes/MAC/itii-mac-tp-etu/lib/tft/Adafruit-ST7735-Library/Adafruit_ST77xx.cpp.obj
 .ARM.extab.text._ZN15Adafruit_ST77xx11displayInitEPKh
                0x08005bdc        0xc CMakeFiles/lab6.dir/home/noah/Documents/centraleNantes/MAC/itii-mac-tp-etu/lib/tft/Adafruit-ST7735-Library/Adafruit_ST77xx.cpp.obj
 .ARM.extab.text._ZN15Adafruit_ST77xx5beginEm
                0x08005be8        0xc CMakeFiles/lab6.dir/home/noah/Documents/centraleNantes/MAC/itii-mac-tp-etu/lib/tft/Adafruit-ST7735-Library/Adafruit_ST77xx.cpp.obj
 .ARM.extab.text._ZN15Adafruit_ST77xx10commonInitEPKh
                0x08005bf4        0xc CMakeFiles/lab6.dir/home/noah/Documents/centraleNantes/MAC/itii-mac-tp-etu/lib/tft/Adafruit-ST7735-Library/Adafruit_ST77xx.cpp.obj
 .ARM.extab.text._ZN15Adafruit_ST77xx13setAddrWindowEtttt
                0x08005c00        0xc CMakeFiles/lab6.dir/home/noah/Documents/centraleNantes/MAC/itii-mac-tp-etu/lib/tft/Adafruit-ST7735-Library/Adafruit_ST77xx.cpp.obj
 .ARM.extab.text._ZN15Adafruit_ST77xx11setRotationEh
                0x08005c0c        0xc CMakeFiles/lab6.dir/home/noah/Documents/centraleNantes/MAC/itii-mac-tp-etu/lib/tft/Adafruit-ST7735-Library/Adafruit_ST77xx.cpp.obj
 .ARM.extab.text.Reset_Handler
                0x08005c18        0xc CMakeFiles/lab6.dir/home/noah/Documents/centraleNantes/MAC/itii-mac-tp-etu/sys/startup_ARMCM4.c.obj
 .ARM.extab.text._kill
                0x08005c24        0xc CMakeFiles/lab6.dir/home/noah/Documents/centraleNantes/MAC/itii-mac-tp-etu/sys/syscalls.c.obj
 .ARM.extab.text._exit
                0x08005c30        0xc CMakeFiles/lab6.dir/home/noah/Documents/centraleNantes/MAC/itii-mac-tp-etu/sys/syscalls.c.obj
 .ARM.extab     0x08005c3c       0x18 /opt/st/stm32cubeclt_1.19.0/GNU-tools-for-STM32/bin/../lib/gcc/arm-none-eabi/13.3.1/thumb/v7e-m+fp/hard/libgcc.a(pr-support.o)
                0x08005c54                        __exidx_start = .

.ARM.exidx      0x08005c54      0x2f0
 *(.ARM.exidx* .gnu.linkonce.armexidx.*)
 .ARM.exidx     0x08005c54        0x8 /opt/st/stm32cubeclt_1.19.0/GNU-tools-for-STM32/bin/../lib/gcc/arm-none-eabi/13.3.1/../../../../arm-none-eabi/lib/thumb/v7e-m+fp/hard/crt0.o
                                 0x10 (size before relaxing)
 .ARM.exidx.text._Z5setupv
                0x08005c5c        0x8 CMakeFiles/lab6.dir/main.cpp.obj
 .ARM.exidx.text.main
                0x08005c64        0x0 CMakeFiles/lab6.dir/main.cpp.obj
                                  0x8 (size before relaxing)
 .ARM.exidx.text._Z9servoInitv
                0x08005c64        0x0 CMakeFiles/lab6.dir/include/servo.cpp.obj
                                  0x8 (size before relaxing)
 .ARM.exidx.text._Z8servoSeti
                0x08005c64        0x8 CMakeFiles/lab6.dir/include/servo.cpp.obj
 .ARM.exidx.text.NVIC_EnableIRQ
                0x08005c6c        0x0 CMakeFiles/lab6.dir/include/encoder.cpp.obj
                                  0x8 (size before relaxing)
 .ARM.exidx.text.NVIC_SetPriority
                0x08005c6c        0x0 CMakeFiles/lab6.dir/include/encoder.cpp.obj
                                  0x8 (size before relaxing)
 .ARM.exidx.text.EXTI0_IRQHandler
                0x08005c6c        0x0 CMakeFiles/lab6.dir/include/encoder.cpp.obj
                                  0x8 (size before relaxing)
 .ARM.exidx.text._Z11encoderInitv
                0x08005c6c        0x0 CMakeFiles/lab6.dir/include/encoder.cpp.obj
                                  0x8 (size before relaxing)
 .ARM.exidx.text._Z15getEncoderValuev
                0x08005c6c        0x0 CMakeFiles/lab6.dir/include/encoder.cpp.obj
                                  0x8 (size before relaxing)
 .ARM.exidx.text.NVIC_EnableIRQ
                0x08005c6c        0x0 CMakeFiles/lab6.dir/app/rotationApp.cpp.obj
                                  0x8 (size before relaxing)
 .ARM.exidx.text.TIM7_DAC2_IRQHandler
                0x08005c6c        0x0 CMakeFiles/lab6.dir/app/rotationApp.cpp.obj
                                  0x8 (size before relaxing)
 .ARM.exidx.text._Z16rotationApp_initv
                0x08005c6c        0x8 CMakeFiles/lab6.dir/app/rotationApp.cpp.obj
 .ARM.exidx.text._Z10manualModev
                0x08005c74        0x8 CMakeFiles/lab6.dir/app/rotationApp.cpp.obj
 .ARM.exidx.text._Z8scanModev
                0x08005c7c        0x8 CMakeFiles/lab6.dir/app/rotationApp.cpp.obj
 .ARM.exidx.text._Z12showDistanceii
                0x08005c84        0x8 CMakeFiles/lab6.dir/app/rotationApp.cpp.obj
 .ARM.exidx.text._Z11displayMode12RotationMode
                0x08005c8c        0x8 CMakeFiles/lab6.dir/app/rotationApp.cpp.obj
 .ARM.exidx.text._Z16rotationApp_mainv
                0x08005c94        0x8 CMakeFiles/lab6.dir/app/rotationApp.cpp.obj
 .ARM.exidx.text.ADCInit
                0x08005c9c        0x8 CMakeFiles/lab6.dir/home/noah/Documents/centraleNantes/MAC/itii-mac-tp-etu/lib/adc.c.obj
 .ARM.exidx.text.clockForGpio
                0x08005ca4        0x0 CMakeFiles/lab6.dir/home/noah/Documents/centraleNantes/MAC/itii-mac-tp-etu/lib/pinAccess.c.obj
                                  0x8 (size before relaxing)
 .ARM.exidx.text.pinMode
                0x08005ca4        0x0 CMakeFiles/lab6.dir/home/noah/Documents/centraleNantes/MAC/itii-mac-tp-etu/lib/pinAccess.c.obj
                                  0x8 (size before relaxing)
 .ARM.exidx.text.digitalRead
                0x08005ca4        0x0 CMakeFiles/lab6.dir/home/noah/Documents/centraleNantes/MAC/itii-mac-tp-etu/lib/pinAccess.c.obj
                                  0x8 (size before relaxing)
 .ARM.exidx.text.pinAlt
                0x08005ca4        0x0 CMakeFiles/lab6.dir/home/noah/Documents/centraleNantes/MAC/itii-mac-tp-etu/lib/pinAccess.c.obj
                                  0x8 (size before relaxing)
 .ARM.exidx.text.setupSPI
                0x08005ca4        0x0 CMakeFiles/lab6.dir/home/noah/Documents/centraleNantes/MAC/itii-mac-tp-etu/lib/spi.c.obj
                                  0x8 (size before relaxing)
 .ARM.exidx.text.transfer8
                0x08005ca4        0x0 CMakeFiles/lab6.dir/home/noah/Documents/centraleNantes/MAC/itii-mac-tp-etu/lib/spi.c.obj
                                  0x8 (size before relaxing)
 .ARM.exidx.text.PWMEnableChannel
                0x08005ca4        0x0 CMakeFiles/lab6.dir/home/noah/Documents/centraleNantes/MAC/itii-mac-tp-etu/lib/pwm.c.obj
                                  0x8 (size before relaxing)
 .ARM.exidx.text._ZN15Adafruit_ST7735C2Ev
                0x08005ca4        0x8 CMakeFiles/lab6.dir/home/noah/Documents/centraleNantes/MAC/itii-mac-tp-etu/lib/tft/tft.cpp.obj
 .ARM.exidx.text._ZN3tftC2Ev
                0x08005cac        0x8 CMakeFiles/lab6.dir/home/noah/Documents/centraleNantes/MAC/itii-mac-tp-etu/lib/tft/tft.cpp.obj
 .ARM.exidx.text._ZN3tft5eraseEv
                0x08005cb4        0x8 CMakeFiles/lab6.dir/home/noah/Documents/centraleNantes/MAC/itii-mac-tp-etu/lib/tft/tft.cpp.obj
 .ARM.exidx.text._ZN3tft5setupEv
                0x08005cbc        0x8 CMakeFiles/lab6.dir/home/noah/Documents/centraleNantes/MAC/itii-mac-tp-etu/lib/tft/tft.cpp.obj
 .ARM.exidx.text._ZN3tft13setTextCursorEjj
                0x08005cc4        0x8 CMakeFiles/lab6.dir/home/noah/Documents/centraleNantes/MAC/itii-mac-tp-etu/lib/tft/tft.cpp.obj
 .ARM.exidx.text._ZN3tft12getTextWidthEv
                0x08005ccc        0x8 CMakeFiles/lab6.dir/home/noah/Documents/centraleNantes/MAC/itii-mac-tp-etu/lib/tft/tft.cpp.obj
 .ARM.exidx.text._ZN3tft13getTextHeightEv
                0x08005cd4        0x8 CMakeFiles/lab6.dir/home/noah/Documents/centraleNantes/MAC/itii-mac-tp-etu/lib/tft/tft.cpp.obj
 .ARM.exidx.text._ZN3tft9eraseTextEj
                0x08005cdc        0x8 CMakeFiles/lab6.dir/home/noah/Documents/centraleNantes/MAC/itii-mac-tp-etu/lib/tft/tft.cpp.obj
 .ARM.exidx.text._Z41__static_initialization_and_destruction_0v
                0x08005ce4        0x8 CMakeFiles/lab6.dir/home/noah/Documents/centraleNantes/MAC/itii-mac-tp-etu/lib/tft/tft.cpp.obj
 .ARM.exidx.text._GLOBAL__sub_I__ZN3tft5eraseEv
                0x08005cec        0x0 CMakeFiles/lab6.dir/home/noah/Documents/centraleNantes/MAC/itii-mac-tp-etu/lib/tft/tft.cpp.obj
                                  0x8 (size before relaxing)
 .ARM.exidx.text._ZN5Print5writeEPKc
                0x08005cec        0x8 CMakeFiles/lab6.dir/home/noah/Documents/centraleNantes/MAC/itii-mac-tp-etu/lib/tft/arduinoCore/Print.cpp.obj
 .ARM.exidx.text._ZN5Print5writeEPKhj
                0x08005cf4        0x8 CMakeFiles/lab6.dir/home/noah/Documents/centraleNantes/MAC/itii-mac-tp-etu/lib/tft/arduinoCore/Print.cpp.obj
 .ARM.exidx.text._ZN5Print5printEPKc
                0x08005cfc        0x8 CMakeFiles/lab6.dir/home/noah/Documents/centraleNantes/MAC/itii-mac-tp-etu/lib/tft/arduinoCore/Print.cpp.obj
 .ARM.exidx.text._ZN5Print5printEc
                0x08005d04        0x8 CMakeFiles/lab6.dir/home/noah/Documents/centraleNantes/MAC/itii-mac-tp-etu/lib/tft/arduinoCore/Print.cpp.obj
 .ARM.exidx.text._ZN5Print5printEii
                0x08005d0c        0x8 CMakeFiles/lab6.dir/home/noah/Documents/centraleNantes/MAC/itii-mac-tp-etu/lib/tft/arduinoCore/Print.cpp.obj
 .ARM.exidx.text._ZN5Print5printEli
                0x08005d14        0x8 CMakeFiles/lab6.dir/home/noah/Documents/centraleNantes/MAC/itii-mac-tp-etu/lib/tft/arduinoCore/Print.cpp.obj
 .ARM.exidx.text._ZN5Print11printNumberEmh
                0x08005d1c        0x8 CMakeFiles/lab6.dir/home/noah/Documents/centraleNantes/MAC/itii-mac-tp-etu/lib/tft/arduinoCore/Print.cpp.obj
 .ARM.exidx.text._ZN5PrintC2Ev
                0x08005d24        0x8 CMakeFiles/lab6.dir/home/noah/Documents/centraleNantes/MAC/itii-mac-tp-etu/lib/tft/Adafruit-GFX-Library/Adafruit_GFX.cpp.obj
 .ARM.exidx.text._ZN12Adafruit_GFXC2Ess
                0x08005d2c        0x0 CMakeFiles/lab6.dir/home/noah/Documents/centraleNantes/MAC/itii-mac-tp-etu/lib/tft/Adafruit-GFX-Library/Adafruit_GFX.cpp.obj
                                  0x8 (size before relaxing)
 .ARM.exidx.text._ZN12Adafruit_GFX9writeLineEsssst
                0x08005d2c        0x8 CMakeFiles/lab6.dir/home/noah/Documents/centraleNantes/MAC/itii-mac-tp-etu/lib/tft/Adafruit-GFX-Library/Adafruit_GFX.cpp.obj
 .ARM.exidx.text._ZN12Adafruit_GFX10startWriteEv
                0x08005d34        0x8 CMakeFiles/lab6.dir/home/noah/Documents/centraleNantes/MAC/itii-mac-tp-etu/lib/tft/Adafruit-GFX-Library/Adafruit_GFX.cpp.obj
 .ARM.exidx.text._ZN12Adafruit_GFX10writePixelEsst
                0x08005d3c        0x8 CMakeFiles/lab6.dir/home/noah/Documents/centraleNantes/MAC/itii-mac-tp-etu/lib/tft/Adafruit-GFX-Library/Adafruit_GFX.cpp.obj
 .ARM.exidx.text._ZN12Adafruit_GFX14writeFastVLineEssst
                0x08005d44        0x8 CMakeFiles/lab6.dir/home/noah/Documents/centraleNantes/MAC/itii-mac-tp-etu/lib/tft/Adafruit-GFX-Library/Adafruit_GFX.cpp.obj
 .ARM.exidx.text._ZN12Adafruit_GFX14writeFastHLineEssst
                0x08005d4c        0x8 CMakeFiles/lab6.dir/home/noah/Documents/centraleNantes/MAC/itii-mac-tp-etu/lib/tft/Adafruit-GFX-Library/Adafruit_GFX.cpp.obj
 .ARM.exidx.text._ZN12Adafruit_GFX13writeFillRectEsssst
                0x08005d54        0x8 CMakeFiles/lab6.dir/home/noah/Documents/centraleNantes/MAC/itii-mac-tp-etu/lib/tft/Adafruit-GFX-Library/Adafruit_GFX.cpp.obj
 .ARM.exidx.text._ZN12Adafruit_GFX8endWriteEv
                0x08005d5c        0x8 CMakeFiles/lab6.dir/home/noah/Documents/centraleNantes/MAC/itii-mac-tp-etu/lib/tft/Adafruit-GFX-Library/Adafruit_GFX.cpp.obj
 .ARM.exidx.text._ZN12Adafruit_GFX13drawFastVLineEssst
                0x08005d64        0x8 CMakeFiles/lab6.dir/home/noah/Documents/centraleNantes/MAC/itii-mac-tp-etu/lib/tft/Adafruit-GFX-Library/Adafruit_GFX.cpp.obj
 .ARM.exidx.text._ZN12Adafruit_GFX13drawFastHLineEssst
                0x08005d6c        0x8 CMakeFiles/lab6.dir/home/noah/Documents/centraleNantes/MAC/itii-mac-tp-etu/lib/tft/Adafruit-GFX-Library/Adafruit_GFX.cpp.obj
 .ARM.exidx.text._ZN12Adafruit_GFX8fillRectEsssst
                0x08005d74        0x8 CMakeFiles/lab6.dir/home/noah/Documents/centraleNantes/MAC/itii-mac-tp-etu/lib/tft/Adafruit-GFX-Library/Adafruit_GFX.cpp.obj
 .ARM.exidx.text._ZN12Adafruit_GFX10fillScreenEt
                0x08005d7c        0x8 CMakeFiles/lab6.dir/home/noah/Documents/centraleNantes/MAC/itii-mac-tp-etu/lib/tft/Adafruit-GFX-Library/Adafruit_GFX.cpp.obj
 .ARM.exidx.text._ZN12Adafruit_GFX8drawLineEsssst
                0x08005d84        0x8 CMakeFiles/lab6.dir/home/noah/Documents/centraleNantes/MAC/itii-mac-tp-etu/lib/tft/Adafruit-GFX-Library/Adafruit_GFX.cpp.obj
 .ARM.exidx.text._ZN12Adafruit_GFX8drawRectEsssst
                0x08005d8c        0x8 CMakeFiles/lab6.dir/home/noah/Documents/centraleNantes/MAC/itii-mac-tp-etu/lib/tft/Adafruit-GFX-Library/Adafruit_GFX.cpp.obj
 .ARM.exidx.text._ZN12Adafruit_GFX8drawCharEsshtth
                0x08005d94        0x8 CMakeFiles/lab6.dir/home/noah/Documents/centraleNantes/MAC/itii-mac-tp-etu/lib/tft/Adafruit-GFX-Library/Adafruit_GFX.cpp.obj
 .ARM.exidx.text._ZN12Adafruit_GFX5writeEh
                0x08005d9c        0x8 CMakeFiles/lab6.dir/home/noah/Documents/centraleNantes/MAC/itii-mac-tp-etu/lib/tft/Adafruit-GFX-Library/Adafruit_GFX.cpp.obj
 .ARM.exidx.text._ZN12Adafruit_GFX9setCursorEss
                0x08005da4        0x8 CMakeFiles/lab6.dir/home/noah/Documents/centraleNantes/MAC/itii-mac-tp-etu/lib/tft/Adafruit-GFX-Library/Adafruit_GFX.cpp.obj
 .ARM.exidx.text._ZNK12Adafruit_GFX10getCursorXEv
                0x08005dac        0x0 CMakeFiles/lab6.dir/home/noah/Documents/centraleNantes/MAC/itii-mac-tp-etu/lib/tft/Adafruit-GFX-Library/Adafruit_GFX.cpp.obj
                                  0x8 (size before relaxing)
 .ARM.exidx.text._ZNK12Adafruit_GFX10getCursorYEv
                0x08005dac        0x0 CMakeFiles/lab6.dir/home/noah/Documents/centraleNantes/MAC/itii-mac-tp-etu/lib/tft/Adafruit-GFX-Library/Adafruit_GFX.cpp.obj
                                  0x8 (size before relaxing)
 .ARM.exidx.text._ZN12Adafruit_GFX12setTextColorEt
                0x08005dac        0x0 CMakeFiles/lab6.dir/home/noah/Documents/centraleNantes/MAC/itii-mac-tp-etu/lib/tft/Adafruit-GFX-Library/Adafruit_GFX.cpp.obj
                                  0x8 (size before relaxing)
 .ARM.exidx.text._ZN12Adafruit_GFX11setRotationEh
                0x08005dac        0x0 CMakeFiles/lab6.dir/home/noah/Documents/centraleNantes/MAC/itii-mac-tp-etu/lib/tft/Adafruit-GFX-Library/Adafruit_GFX.cpp.obj
                                  0x8 (size before relaxing)
 .ARM.exidx.text._ZN12Adafruit_GFX7setFontEPK7GFXfont
                0x08005dac        0x0 CMakeFiles/lab6.dir/home/noah/Documents/centraleNantes/MAC/itii-mac-tp-etu/lib/tft/Adafruit-GFX-Library/Adafruit_GFX.cpp.obj
                                  0x8 (size before relaxing)
 .ARM.exidx.text._ZNK12Adafruit_GFX5widthEv
                0x08005dac        0x0 CMakeFiles/lab6.dir/home/noah/Documents/centraleNantes/MAC/itii-mac-tp-etu/lib/tft/Adafruit-GFX-Library/Adafruit_GFX.cpp.obj
                                  0x8 (size before relaxing)
 .ARM.exidx.text._ZNK12Adafruit_GFX6heightEv
                0x08005dac        0x0 CMakeFiles/lab6.dir/home/noah/Documents/centraleNantes/MAC/itii-mac-tp-etu/lib/tft/Adafruit-GFX-Library/Adafruit_GFX.cpp.obj
                                  0x8 (size before relaxing)
 .ARM.exidx.text._ZN12Adafruit_GFX13invertDisplayEb
                0x08005dac        0x0 CMakeFiles/lab6.dir/home/noah/Documents/centraleNantes/MAC/itii-mac-tp-etu/lib/tft/Adafruit-GFX-Library/Adafruit_GFX.cpp.obj
                                  0x8 (size before relaxing)
 .ARM.exidx.text._ZN10GFXcanvas19drawPixelEsst
                0x08005dac        0x0 CMakeFiles/lab6.dir/home/noah/Documents/centraleNantes/MAC/itii-mac-tp-etu/lib/tft/Adafruit-GFX-Library/Adafruit_GFX.cpp.obj
                                  0x8 (size before relaxing)
 .ARM.exidx.text._ZN10GFXcanvas110fillScreenEt
                0x08005dac        0x0 CMakeFiles/lab6.dir/home/noah/Documents/centraleNantes/MAC/itii-mac-tp-etu/lib/tft/Adafruit-GFX-Library/Adafruit_GFX.cpp.obj
                                  0x8 (size before relaxing)
 .ARM.exidx.text._ZN10GFXcanvas89drawPixelEsst
                0x08005dac        0x0 CMakeFiles/lab6.dir/home/noah/Documents/centraleNantes/MAC/itii-mac-tp-etu/lib/tft/Adafruit-GFX-Library/Adafruit_GFX.cpp.obj
                                  0x8 (size before relaxing)
 .ARM.exidx.text._ZN10GFXcanvas810fillScreenEt
                0x08005dac        0x0 CMakeFiles/lab6.dir/home/noah/Documents/centraleNantes/MAC/itii-mac-tp-etu/lib/tft/Adafruit-GFX-Library/Adafruit_GFX.cpp.obj
                                  0x8 (size before relaxing)
 .ARM.exidx.text._ZN10GFXcanvas814writeFastHLineEssst
                0x08005dac        0x0 CMakeFiles/lab6.dir/home/noah/Documents/centraleNantes/MAC/itii-mac-tp-etu/lib/tft/Adafruit-GFX-Library/Adafruit_GFX.cpp.obj
                                  0x8 (size before relaxing)
 .ARM.exidx.text._ZN11GFXcanvas169drawPixelEsst
                0x08005dac        0x0 CMakeFiles/lab6.dir/home/noah/Documents/centraleNantes/MAC/itii-mac-tp-etu/lib/tft/Adafruit-GFX-Library/Adafruit_GFX.cpp.obj
                                  0x8 (size before relaxing)
 .ARM.exidx.text._ZN11GFXcanvas1610fillScreenEt
                0x08005dac        0x0 CMakeFiles/lab6.dir/home/noah/Documents/centraleNantes/MAC/itii-mac-tp-etu/lib/tft/Adafruit-GFX-Library/Adafruit_GFX.cpp.obj
                                  0x8 (size before relaxing)
 .ARM.exidx.text._ZN15Adafruit_SPITFT10writePixelEt
                0x08005dac        0x8 CMakeFiles/lab6.dir/home/noah/Documents/centraleNantes/MAC/itii-mac-tp-etu/lib/tft/Adafruit-GFX-Library/Adafruit_SPITFT.cpp.obj
 .ARM.exidx.text._ZN15Adafruit_SPITFTC2Ett
                0x08005db4        0x8 CMakeFiles/lab6.dir/home/noah/Documents/centraleNantes/MAC/itii-mac-tp-etu/lib/tft/Adafruit-GFX-Library/Adafruit_SPITFT.cpp.obj
 .ARM.exidx.text._ZN15Adafruit_SPITFT7initSPIEm
                0x08005dbc        0x8 CMakeFiles/lab6.dir/home/noah/Documents/centraleNantes/MAC/itii-mac-tp-etu/lib/tft/Adafruit-GFX-Library/Adafruit_SPITFT.cpp.obj
 .ARM.exidx.text._ZN15Adafruit_SPITFT8spiWriteEh
                0x08005dc4        0x8 CMakeFiles/lab6.dir/home/noah/Documents/centraleNantes/MAC/itii-mac-tp-etu/lib/tft/Adafruit-GFX-Library/Adafruit_SPITFT.cpp.obj
 .ARM.exidx.text._ZN15Adafruit_SPITFT10startWriteEv
                0x08005dcc        0x8 CMakeFiles/lab6.dir/home/noah/Documents/centraleNantes/MAC/itii-mac-tp-etu/lib/tft/Adafruit-GFX-Library/Adafruit_SPITFT.cpp.obj
 .ARM.exidx.text._ZN15Adafruit_SPITFT8endWriteEv
                0x08005dd4        0x0 CMakeFiles/lab6.dir/home/noah/Documents/centraleNantes/MAC/itii-mac-tp-etu/lib/tft/Adafruit-GFX-Library/Adafruit_SPITFT.cpp.obj
                                  0x8 (size before relaxing)
 .ARM.exidx.text._ZN15Adafruit_SPITFT12writeCommandEh
                0x08005dd4        0x8 CMakeFiles/lab6.dir/home/noah/Documents/centraleNantes/MAC/itii-mac-tp-etu/lib/tft/Adafruit-GFX-Library/Adafruit_SPITFT.cpp.obj
 .ARM.exidx.text._ZN15Adafruit_SPITFT10writeColorEtm
                0x08005ddc        0x8 CMakeFiles/lab6.dir/home/noah/Documents/centraleNantes/MAC/itii-mac-tp-etu/lib/tft/Adafruit-GFX-Library/Adafruit_SPITFT.cpp.obj
 .ARM.exidx.text._ZN15Adafruit_SPITFT10writePixelEsst
                0x08005de4        0x8 CMakeFiles/lab6.dir/home/noah/Documents/centraleNantes/MAC/itii-mac-tp-etu/lib/tft/Adafruit-GFX-Library/Adafruit_SPITFT.cpp.obj
 .ARM.exidx.text._ZN15Adafruit_SPITFT13writeFillRectEsssst
                0x08005dec        0x8 CMakeFiles/lab6.dir/home/noah/Documents/centraleNantes/MAC/itii-mac-tp-etu/lib/tft/Adafruit-GFX-Library/Adafruit_SPITFT.cpp.obj
 .ARM.exidx.text._ZN15Adafruit_SPITFT14writeFastVLineEssst
                0x08005df4        0x8 CMakeFiles/lab6.dir/home/noah/Documents/centraleNantes/MAC/itii-mac-tp-etu/lib/tft/Adafruit-GFX-Library/Adafruit_SPITFT.cpp.obj
 .ARM.exidx.text._ZN15Adafruit_SPITFT14writeFastHLineEssst
                0x08005dfc        0x8 CMakeFiles/lab6.dir/home/noah/Documents/centraleNantes/MAC/itii-mac-tp-etu/lib/tft/Adafruit-GFX-Library/Adafruit_SPITFT.cpp.obj
 .ARM.exidx.text._ZN15Adafruit_SPITFT9drawPixelEsst
                0x08005e04        0x8 CMakeFiles/lab6.dir/home/noah/Documents/centraleNantes/MAC/itii-mac-tp-etu/lib/tft/Adafruit-GFX-Library/Adafruit_SPITFT.cpp.obj
 .ARM.exidx.text._ZN15Adafruit_SPITFT13drawFastVLineEssst
                0x08005e0c        0x8 CMakeFiles/lab6.dir/home/noah/Documents/centraleNantes/MAC/itii-mac-tp-etu/lib/tft/Adafruit-GFX-Library/Adafruit_SPITFT.cpp.obj
 .ARM.exidx.text._ZN15Adafruit_SPITFT13drawFastHLineEssst
                0x08005e14        0x8 CMakeFiles/lab6.dir/home/noah/Documents/centraleNantes/MAC/itii-mac-tp-etu/lib/tft/Adafruit-GFX-Library/Adafruit_SPITFT.cpp.obj
 .ARM.exidx.text._ZN15Adafruit_SPITFT8fillRectEsssst
                0x08005e1c        0x8 CMakeFiles/lab6.dir/home/noah/Documents/centraleNantes/MAC/itii-mac-tp-etu/lib/tft/Adafruit-GFX-Library/Adafruit_SPITFT.cpp.obj
 .ARM.exidx.text._ZN15Adafruit_SPITFT13invertDisplayEb
                0x08005e24        0x8 CMakeFiles/lab6.dir/home/noah/Documents/centraleNantes/MAC/itii-mac-tp-etu/lib/tft/Adafruit-GFX-Library/Adafruit_SPITFT.cpp.obj
 .ARM.exidx.text._ZN15Adafruit_ST77355initREh
                0x08005e2c        0x8 CMakeFiles/lab6.dir/home/noah/Documents/centraleNantes/MAC/itii-mac-tp-etu/lib/tft/Adafruit-ST7735-Library/Adafruit_ST7735.cpp.obj
 .ARM.exidx.text._ZN15Adafruit_ST773511setRotationEh
                0x08005e34        0x8 CMakeFiles/lab6.dir/home/noah/Documents/centraleNantes/MAC/itii-mac-tp-etu/lib/tft/Adafruit-ST7735-Library/Adafruit_ST7735.cpp.obj
 .ARM.exidx.text._ZN15Adafruit_ST77xxC2Ev
                0x08005e3c        0x8 CMakeFiles/lab6.dir/home/noah/Documents/centraleNantes/MAC/itii-mac-tp-etu/lib/tft/Adafruit-ST7735-Library/Adafruit_ST77xx.cpp.obj
 .ARM.exidx.text._ZN15Adafruit_ST77xx11displayInitEPKh
                0x08005e44        0x8 CMakeFiles/lab6.dir/home/noah/Documents/centraleNantes/MAC/itii-mac-tp-etu/lib/tft/Adafruit-ST7735-Library/Adafruit_ST77xx.cpp.obj
 .ARM.exidx.text._ZN15Adafruit_ST77xx5beginEm
                0x08005e4c        0x8 CMakeFiles/lab6.dir/home/noah/Documents/centraleNantes/MAC/itii-mac-tp-etu/lib/tft/Adafruit-ST7735-Library/Adafruit_ST77xx.cpp.obj
 .ARM.exidx.text._ZN15Adafruit_ST77xx10commonInitEPKh
                0x08005e54        0x8 CMakeFiles/lab6.dir/home/noah/Documents/centraleNantes/MAC/itii-mac-tp-etu/lib/tft/Adafruit-ST7735-Library/Adafruit_ST77xx.cpp.obj
 .ARM.exidx.text._ZN15Adafruit_ST77xx13setAddrWindowEtttt
                0x08005e5c        0x8 CMakeFiles/lab6.dir/home/noah/Documents/centraleNantes/MAC/itii-mac-tp-etu/lib/tft/Adafruit-ST7735-Library/Adafruit_ST77xx.cpp.obj
 .ARM.exidx.text._ZN15Adafruit_ST77xx11setRotationEh
                0x08005e64        0x8 CMakeFiles/lab6.dir/home/noah/Documents/centraleNantes/MAC/itii-mac-tp-etu/lib/tft/Adafruit-ST7735-Library/Adafruit_ST77xx.cpp.obj
 .ARM.exidx.text.Reset_Handler
                0x08005e6c        0x8 CMakeFiles/lab6.dir/home/noah/Documents/centraleNantes/MAC/itii-mac-tp-etu/sys/startup_ARMCM4.c.obj
 .ARM.exidx.text.Default_Handler
                0x08005e74        0x8 CMakeFiles/lab6.dir/home/noah/Documents/centraleNantes/MAC/itii-mac-tp-etu/sys/startup_ARMCM4.c.obj
 .ARM.exidx.text.SystemInit
                0x08005e7c        0x0 CMakeFiles/lab6.dir/home/noah/Documents/centraleNantes/MAC/itii-mac-tp-etu/sys/startup_clock.c.obj
                                  0x8 (size before relaxing)
 .ARM.exidx.text._getpid
                0x08005e7c        0x0 CMakeFiles/lab6.dir/home/noah/Documents/centraleNantes/MAC/itii-mac-tp-etu/sys/syscalls.c.obj
                                  0x8 (size before relaxing)
 .ARM.exidx.text._kill
                0x08005e7c        0x8 CMakeFiles/lab6.dir/home/noah/Documents/centraleNantes/MAC/itii-mac-tp-etu/sys/syscalls.c.obj
 .ARM.exidx.text._exit
                0x08005e84        0x8 CMakeFiles/lab6.dir/home/noah/Documents/centraleNantes/MAC/itii-mac-tp-etu/sys/syscalls.c.obj
 .ARM.exidx     0x08005e8c       0x80 /opt/st/stm32cubeclt_1.19.0/GNU-tools-for-STM32/bin/../lib/gcc/arm-none-eabi/13.3.1/thumb/v7e-m+fp/hard/libgcc.a(unwind-arm.o)
                                 0xd8 (size before relaxing)
 .ARM.exidx     0x08005f0c       0x38 /opt/st/stm32cubeclt_1.19.0/GNU-tools-for-STM32/bin/../lib/gcc/arm-none-eabi/13.3.1/thumb/v7e-m+fp/hard/libgcc.a(pr-support.o)
 .ARM.exidx     0x08005f44        0x0 /opt/st/stm32cubeclt_1.19.0/GNU-tools-for-STM32/bin/../lib/gcc/arm-none-eabi/13.3.1/../../../../arm-none-eabi/lib/thumb/v7e-m+fp/hard/libc.a(libc_a-strlen.o)
                                  0x8 (size before relaxing)
                0x08005f44                        __exidx_end = .
                0x08005f44                        __etext = .

.rel.dyn        0x08005f44        0x0
 .rel.iplt      0x08005f44        0x0 /opt/st/stm32cubeclt_1.19.0/GNU-tools-for-STM32/bin/../lib/gcc/arm-none-eabi/13.3.1/thumb/v7e-m+fp/hard/crtbegin.o

.data           0x20000000      0x15c load address 0x08005f44
                0x20000000                        __data_start__ = .
 *(vtable)
 *(.data*)
 .data          0x20000000        0x4 CMakeFiles/lab6.dir/app/rotationApp.cpp.obj
 .data._impure_ptr
                0x20000004        0x4 /opt/st/stm32cubeclt_1.19.0/GNU-tools-for-STM32/bin/../lib/gcc/arm-none-eabi/13.3.1/../../../../arm-none-eabi/lib/thumb/v7e-m+fp/hard/libc.a(libc_a-impure.o)
                0x20000004                _impure_ptr
 .data._impure_data
                0x20000008      0x140 /opt/st/stm32cubeclt_1.19.0/GNU-tools-for-STM32/bin/../lib/gcc/arm-none-eabi/13.3.1/../../../../arm-none-eabi/lib/thumb/v7e-m+fp/hard/libc.a(libc_a-impure.o)
                0x20000008                _impure_data
 .data.__atexit_recursive_mutex
                0x20000148        0x4 /opt/st/stm32cubeclt_1.19.0/GNU-tools-for-STM32/bin/../lib/gcc/arm-none-eabi/13.3.1/../../../../arm-none-eabi/lib/thumb/v7e-m+fp/hard/libc.a(libc_a-__call_atexit.o)
                0x20000148                __atexit_recursive_mutex
                0x2000014c                        . = ALIGN (0x4)
                0x2000014c                        PROVIDE (__preinit_array_start = .)
 *(.preinit_array)
                0x2000014c                        PROVIDE (__preinit_array_end = .)
                0x2000014c                        . = ALIGN (0x4)
                0x2000014c                        PROVIDE (__init_array_start = .)
 *(SORT_BY_NAME(.init_array.*))
 .init_array.00000
                0x2000014c        0x4 /opt/st/stm32cubeclt_1.19.0/GNU-tools-for-STM32/bin/../lib/gcc/arm-none-eabi/13.3.1/../../../../arm-none-eabi/lib/thumb/v7e-m+fp/hard/libc.a(libc_a-__call_atexit.o)
 *(.init_array)
 .init_array    0x20000150        0x4 /opt/st/stm32cubeclt_1.19.0/GNU-tools-for-STM32/bin/../lib/gcc/arm-none-eabi/13.3.1/thumb/v7e-m+fp/hard/crtbegin.o
 .init_array    0x20000154        0x4 CMakeFiles/lab6.dir/home/noah/Documents/centraleNantes/MAC/itii-mac-tp-etu/lib/tft/tft.cpp.obj
                0x20000158                        PROVIDE (__init_array_end = .)
                0x20000158                        . = ALIGN (0x4)
                0x20000158                        PROVIDE (__fini_array_start = .)
 *(SORT_BY_NAME(.fini_array.*))
 *(.fini_array)
 .fini_array    0x20000158        0x4 /opt/st/stm32cubeclt_1.19.0/GNU-tools-for-STM32/bin/../lib/gcc/arm-none-eabi/13.3.1/thumb/v7e-m+fp/hard/crtbegin.o
                0x2000015c                        PROVIDE (__fini_array_end = .)
 *(.jcr*)
                0x2000015c                        . = ALIGN (0x4)
                0x2000015c                        __data_end__ = .

.igot.plt       0x2000015c        0x0 load address 0x080060a0
 .igot.plt      0x2000015c        0x0 /opt/st/stm32cubeclt_1.19.0/GNU-tools-for-STM32/bin/../lib/gcc/arm-none-eabi/13.3.1/thumb/v7e-m+fp/hard/crtbegin.o

.bss            0x2000015c      0x344 load address 0x080060a0
                0x2000015c                        . = ALIGN (0x4)
                0x2000015c                        __bss_start__ = .
 *(.bss*)
 .bss           0x2000015c       0x1c /opt/st/stm32cubeclt_1.19.0/GNU-tools-for-STM32/bin/../lib/gcc/arm-none-eabi/13.3.1/thumb/v7e-m+fp/hard/crtbegin.o
 .bss           0x20000178        0x4 CMakeFiles/lab6.dir/include/encoder.cpp.obj
                0x20000178                encoderValue
 .bss           0x2000017c       0x19 CMakeFiles/lab6.dir/app/rotationApp.cpp.obj
                0x2000017c                servoStruct
 *fill*         0x20000195        0x3 
 .bss           0x20000198       0x30 CMakeFiles/lab6.dir/home/noah/Documents/centraleNantes/MAC/itii-mac-tp-etu/lib/tft/tft.cpp.obj
                0x20000198                Tft
 .bss.__sf      0x200001c8      0x138 /opt/st/stm32cubeclt_1.19.0/GNU-tools-for-STM32/bin/../lib/gcc/arm-none-eabi/13.3.1/../../../../arm-none-eabi/lib/thumb/v7e-m+fp/hard/libc.a(libc_a-findfp.o)
                0x200001c8                __sf
 .bss.__stdio_exit_handler
                0x20000300        0x4 /opt/st/stm32cubeclt_1.19.0/GNU-tools-for-STM32/bin/../lib/gcc/arm-none-eabi/13.3.1/../../../../arm-none-eabi/lib/thumb/v7e-m+fp/hard/libc.a(libc_a-findfp.o)
                0x20000300                __stdio_exit_handler
 .bss.errno     0x20000304        0x4 /opt/st/stm32cubeclt_1.19.0/GNU-tools-for-STM32/bin/../lib/gcc/arm-none-eabi/13.3.1/../../../../arm-none-eabi/lib/thumb/v7e-m+fp/hard/libc.a(libc_a-reent.o)
                0x20000304                errno
 .bss.__lock___atexit_recursive_mutex
                0x20000308        0x1 /opt/st/stm32cubeclt_1.19.0/GNU-tools-for-STM32/bin/../lib/gcc/arm-none-eabi/13.3.1/../../../../arm-none-eabi/lib/thumb/v7e-m+fp/hard/libc.a(libc_a-lock.o)
                0x20000308                __lock___atexit_recursive_mutex
 *fill*         0x20000309        0x3 
 .bss.__atexit  0x2000030c        0x4 /opt/st/stm32cubeclt_1.19.0/GNU-tools-for-STM32/bin/../lib/gcc/arm-none-eabi/13.3.1/../../../../arm-none-eabi/lib/thumb/v7e-m+fp/hard/libc.a(libc_a-__call_atexit.o)
                0x2000030c                __atexit
 .bss.__atexit0
                0x20000310      0x190 /opt/st/stm32cubeclt_1.19.0/GNU-tools-for-STM32/bin/../lib/gcc/arm-none-eabi/13.3.1/../../../../arm-none-eabi/lib/thumb/v7e-m+fp/hard/libc.a(libc_a-__atexit.o)
                0x20000310                __atexit0
 *(COMMON)
                0x200004a0                        . = ALIGN (0x4)
                0x200004a0                        __bss_end__ = .

.heap           0x200004a0      0xc00
                0x200004a0                        __HeapBase = .
                0x200004a0                        __end__ = .
                0x200004a0                        end = __end__
 *(.heap*)
 .heap          0x200004a0      0xc00 CMakeFiles/lab6.dir/home/noah/Documents/centraleNantes/MAC/itii-mac-tp-etu/sys/startup_ARMCM4.c.obj
                0x200010a0                        __HeapLimit = .

.stack_dummy    0x200010a0      0x400
 *(.stack*)
 .stack         0x200010a0      0x400 CMakeFiles/lab6.dir/home/noah/Documents/centraleNantes/MAC/itii-mac-tp-etu/sys/startup_ARMCM4.c.obj
                0x20003000                        __StackTop = (ORIGIN (RAM) + LENGTH (RAM))
                0x20002c00                        __StackLimit = (__StackTop - SIZEOF (.stack_dummy))
                0x20003000                        PROVIDE (__stack = __StackTop)
                0x00000001                        ASSERT ((__StackLimit >= __HeapLimit), region RAM overflowed with stack)
OUTPUT(lab6 elf32-littlearm)
LOAD linker stubs

.ARM.attributes
                0x00000000       0x30
 .ARM.attributes
                0x00000000       0x22 /opt/st/stm32cubeclt_1.19.0/GNU-tools-for-STM32/bin/../lib/gcc/arm-none-eabi/13.3.1/thumb/v7e-m+fp/hard/crti.o
 .ARM.attributes
                0x00000022       0x34 /opt/st/stm32cubeclt_1.19.0/GNU-tools-for-STM32/bin/../lib/gcc/arm-none-eabi/13.3.1/thumb/v7e-m+fp/hard/crtbegin.o
 .ARM.attributes
                0x00000056       0x20 /opt/st/stm32cubeclt_1.19.0/GNU-tools-for-STM32/bin/../lib/gcc/arm-none-eabi/13.3.1/../../../../arm-none-eabi/lib/thumb/v7e-m+fp/hard/crt0.o
 .ARM.attributes
                0x00000076       0x34 CMakeFiles/lab6.dir/main.cpp.obj
 .ARM.attributes
                0x000000aa       0x34 CMakeFiles/lab6.dir/include/servo.cpp.obj
 .ARM.attributes
                0x000000de       0x34 CMakeFiles/lab6.dir/include/encoder.cpp.obj
 .ARM.attributes
                0x00000112       0x34 CMakeFiles/lab6.dir/app/rotationApp.cpp.obj
 .ARM.attributes
                0x00000146       0x34 CMakeFiles/lab6.dir/home/noah/Documents/centraleNantes/MAC/itii-mac-tp-etu/lib/adc.c.obj
 .ARM.attributes
                0x0000017a       0x34 CMakeFiles/lab6.dir/home/noah/Documents/centraleNantes/MAC/itii-mac-tp-etu/lib/pinAccess.c.obj
 .ARM.attributes
                0x000001ae       0x34 CMakeFiles/lab6.dir/home/noah/Documents/centraleNantes/MAC/itii-mac-tp-etu/lib/spi.c.obj
 .ARM.attributes
                0x000001e2       0x34 CMakeFiles/lab6.dir/home/noah/Documents/centraleNantes/MAC/itii-mac-tp-etu/lib/pwm.c.obj
 .ARM.attributes
                0x00000216       0x34 CMakeFiles/lab6.dir/home/noah/Documents/centraleNantes/MAC/itii-mac-tp-etu/lib/tft/tft.cpp.obj
 .ARM.attributes
                0x0000024a       0x34 CMakeFiles/lab6.dir/home/noah/Documents/centraleNantes/MAC/itii-mac-tp-etu/lib/tft/arduinoCore/Print.cpp.obj
 .ARM.attributes
                0x0000027e       0x34 CMakeFiles/lab6.dir/home/noah/Documents/centraleNantes/MAC/itii-mac-tp-etu/lib/tft/Adafruit-GFX-Library/Adafruit_GFX.cpp.obj
 .ARM.attributes
                0x000002b2       0x34 CMakeFiles/lab6.dir/home/noah/Documents/centraleNantes/MAC/itii-mac-tp-etu/lib/tft/Adafruit-GFX-Library/Adafruit_SPITFT.cpp.obj
 .ARM.attributes
                0x000002e6       0x34 CMakeFiles/lab6.dir/home/noah/Documents/centraleNantes/MAC/itii-mac-tp-etu/lib/tft/Adafruit-ST7735-Library/Adafruit_ST7735.cpp.obj
 .ARM.attributes
                0x0000031a       0x34 CMakeFiles/lab6.dir/home/noah/Documents/centraleNantes/MAC/itii-mac-tp-etu/lib/tft/Adafruit-ST7735-Library/Adafruit_ST77xx.cpp.obj
 .ARM.attributes
                0x0000034e       0x34 CMakeFiles/lab6.dir/home/noah/Documents/centraleNantes/MAC/itii-mac-tp-etu/sys/startup_ARMCM4.c.obj
 .ARM.attributes
                0x00000382       0x34 CMakeFiles/lab6.dir/home/noah/Documents/centraleNantes/MAC/itii-mac-tp-etu/sys/startup_clock.c.obj
 .ARM.attributes
                0x000003b6       0x34 CMakeFiles/lab6.dir/home/noah/Documents/centraleNantes/MAC/itii-mac-tp-etu/sys/syscalls.c.obj
 .ARM.attributes
                0x000003ea       0x34 /opt/st/stm32cubeclt_1.19.0/GNU-tools-for-STM32/bin/../lib/gcc/arm-none-eabi/13.3.1/thumb/v7e-m+fp/hard/libgcc.a(unwind-arm.o)
 .ARM.attributes
                0x0000041e       0x22 /opt/st/stm32cubeclt_1.19.0/GNU-tools-for-STM32/bin/../lib/gcc/arm-none-eabi/13.3.1/thumb/v7e-m+fp/hard/libgcc.a(libunwind.o)
 .ARM.attributes
                0x00000440       0x34 /opt/st/stm32cubeclt_1.19.0/GNU-tools-for-STM32/bin/../lib/gcc/arm-none-eabi/13.3.1/thumb/v7e-m+fp/hard/libgcc.a(pr-support.o)
 .ARM.attributes
                0x00000474       0x34 /opt/st/stm32cubeclt_1.19.0/GNU-tools-for-STM32/bin/../lib/gcc/arm-none-eabi/13.3.1/../../../../arm-none-eabi/lib/thumb/v7e-m+fp/hard/libc.a(libc_a-abort.o)
 .ARM.attributes
                0x000004a8       0x34 /opt/st/stm32cubeclt_1.19.0/GNU-tools-for-STM32/bin/../lib/gcc/arm-none-eabi/13.3.1/../../../../arm-none-eabi/lib/thumb/v7e-m+fp/hard/libc.a(libc_a-exit.o)
 .ARM.attributes
                0x000004dc       0x34 /opt/st/stm32cubeclt_1.19.0/GNU-tools-for-STM32/bin/../lib/gcc/arm-none-eabi/13.3.1/../../../../arm-none-eabi/lib/thumb/v7e-m+fp/hard/libc.a(libc_a-findfp.o)
 .ARM.attributes
                0x00000510       0x34 /opt/st/stm32cubeclt_1.19.0/GNU-tools-for-STM32/bin/../lib/gcc/arm-none-eabi/13.3.1/../../../../arm-none-eabi/lib/thumb/v7e-m+fp/hard/libc.a(libc_a-memset.o)
 .ARM.attributes
                0x00000544       0x34 /opt/st/stm32cubeclt_1.19.0/GNU-tools-for-STM32/bin/../lib/gcc/arm-none-eabi/13.3.1/../../../../arm-none-eabi/lib/thumb/v7e-m+fp/hard/libc.a(libc_a-signal.o)
 .ARM.attributes
                0x00000578       0x34 /opt/st/stm32cubeclt_1.19.0/GNU-tools-for-STM32/bin/../lib/gcc/arm-none-eabi/13.3.1/../../../../arm-none-eabi/lib/thumb/v7e-m+fp/hard/libc.a(libc_a-reent.o)
 .ARM.attributes
                0x000005ac       0x34 /opt/st/stm32cubeclt_1.19.0/GNU-tools-for-STM32/bin/../lib/gcc/arm-none-eabi/13.3.1/../../../../arm-none-eabi/lib/thumb/v7e-m+fp/hard/libc.a(libc_a-impure.o)
 .ARM.attributes
                0x000005e0       0x34 /opt/st/stm32cubeclt_1.19.0/GNU-tools-for-STM32/bin/../lib/gcc/arm-none-eabi/13.3.1/../../../../arm-none-eabi/lib/thumb/v7e-m+fp/hard/libc.a(libc_a-signalr.o)
 .ARM.attributes
                0x00000614       0x34 /opt/st/stm32cubeclt_1.19.0/GNU-tools-for-STM32/bin/../lib/gcc/arm-none-eabi/13.3.1/../../../../arm-none-eabi/lib/thumb/v7e-m+fp/hard/libc.a(libc_a-errno.o)
 .ARM.attributes
                0x00000648       0x34 /opt/st/stm32cubeclt_1.19.0/GNU-tools-for-STM32/bin/../lib/gcc/arm-none-eabi/13.3.1/../../../../arm-none-eabi/lib/thumb/v7e-m+fp/hard/libc.a(libc_a-init.o)
 .ARM.attributes